
> bioso-visual-prototype@0.2.0 test
> node --import ./scripts/register-test-loader.mjs --test tests/*.test.mjs

✔ neural acceleration stacks per arm and target, caps, and resets after two seconds (2.037417ms)
✔ ballistic growth snapshots a bounded distance multiplier for the whole volley (0.366542ms)
✔ rupture starts on a primary critical and buffs only subsequent primary hits (0.347042ms)
✔ impulse refunds one cooldown portion per original critical attack (0.382ms)
✔ neural web arcs once from an original volley and never recurses from secondary damage (0.875291ms)
✔ ricochet branches scale damage, targets, and wounded-target critical chance (0.291083ms)
✔ counter shell charges on shield, armor, and health outcomes and is consumed by one melee attack (0.408417ms)
✔ summon damage does not invent a guardian projectile interceptor (0.217583ms)
✔ spore brood plants every fifth bite, caps at twelve, then explodes once without attack counters (0.656792ms)
✔ overgrowth counts earlier biomass spending and stops at twenty-five percent (0.22975ms)
✔ overgrowth ranks cap the five biomass thresholds at seventy-five percent (0.099792ms)
✔ cryo trail starts after two moving seconds, refreshes slow without freeze charges, and expires (0.203459ms)
✔ mechanical abilities gain real strength through all five levels (0.924583ms)
✔ branch final unlocks with either upgrade, never merely previewing (1.748833ms)
✔ synergy shows its own two prerequisite finals and requires both (0.216417ms)
✔ read-only synergy uses the approved spine without an invented root or learn action (0.260292ms)
✔ all ability icons resolve to a deployed path; repeatable boosts have no invented tree (0.641042ms)
✔ ballistic growth shows the effective bonus for the displayed rank (0.231375ms)
✔ choice descriptions show the effective value and compare upgrades (0.229292ms)
✔ ability descriptions show rank changes except deliberate plateau ranks (21.144875ms)
✔ binary mechanics stop at one rank while large discrete effects stop at three (0.255917ms)
✔ current descriptions expose runtime caps and rank-driven mechanics (0.153ms)
✔ 36 distinct cards include two weapon unlocks, 12 token goals and the legacy mirror alias (0.735208ms)
✔ pioneer never combines separate runs or counts duplicate events and secrets (3.833166ms)
✔ exactly one token is awarded across save/load and subsequent runs (0.731333ms)
✔ secrets accumulate unique opened types across runs, not discovery alone (0.289166ms)
✔ failed/skipped mission events never award; successful history survives retired nodes (0.19125ms)
✔ recycling counts successful digestion once and starts fresh each run (1.118333ms)
✔ set requires three categories and includes Reactor; mutation families persist (0.333ms)
✔ final branches, synergy and per-part upgrades require actual thresholds (0.259416ms)
✔ legacy completions gain no fabricated dates or repeated rewards (0.171ms)
✔ malformed saved progress cannot overflow conditions or crash tracking (0.271917ms)
✔ the game simulation awards a learned final branch without an explicit tracker call (4.155083ms)
✔ every achievement has its own authored art and translated copy (22.551375ms)
✔ acid puddles are pooled, elevated and enlarged by mire without changing gameplay data (1.645666ms)
✔ every part kind rolls distinct affixes by rarity, reproducibly and with variation (9.516292ms)
✔ all generated properties change their actual target statistics (0.648625ms)
✔ inventory bonuses are inactive and equip cycles preserve rolled properties (0.622541ms)
✔ pillar blocks its visible base but permits the formerly invisible perimeter (0.679875ms)
✔ biome movement and visibility share the fitted architecture footprint (3.132583ms)
✔ legacy obstacles without model metadata retain circular collisions (0.095959ms)
✔ player can walk beside current architecture while walking through its base stays blocked (7.431542ms)
✔ rounding along a tangent does not create a barrier absent from pathfinding (0.130375ms)
✔ every body and additional arm bonus obey the four-arm maximum (2.337833ms)
✔ altar at four arms rejects atomically without charging health or consuming the encounter (0.352417ms)
✔ swapping a legacy six-arm loadout preserves excess weapons in inventory (0.384958ms)
✔ removed arm deal rejects even below the arm limit without spending health (0.16325ms)
✔ shield, two plates, then health; healing does not repair armor but armor plates do over time (3.428833ms)
✔ equipment removal and reinstallation cannot refill consumed plates (0.811458ms)
✔ armor repair cycle is not reset by hits and repair gland restores one without adding capacity (0.456667ms)
✔ armor plate ranks add half a plate while repair gland ranks only shorten repair time (0.867875ms)
✔ HUD keeps health cells after a plate is lost and distinguishes shield recharge (0.299208ms)
✔ armor remains bounded by living cells after a capacity change and critical HP is never repaired by armor (0.650042ms)
✔ two hits remove the two halves of one plate while preserving underlying health (0.273792ms)
✔ shield perimeter tracks elapsed recharge time and remains complete when ready (0.201375ms)
✔ asset URLs preserve query strings, fragments, surrounding HTML and unknown resources (0.651291ms)
✔ build transform resolves dynamic templates, concatenations, nested HTML and static values (2.465875ms)
✔ size gate allows over 100 MB and enforces the itch.io extracted limit (0.211666ms)
✔ Vite rewrites URLs inside nested CSS imports, including custom properties (102.183458ms)
✔ atlas coordinates and logos retain original dimensions; icons fit the mobile budget (15.278584ms)
✔ desktop menu build retains the source resolution and decoded pixels (1270.734375ms)
prune: Removed types... Accessor (2)
prune: Removed types... Accessor (7)
✔ Meshopt retains vertex attributes, winding and node transforms; data maps are untouched (27.855375ms)
✔ asset template wrapping preserves compact keyword boundaries in ability art (0.403333ms)
✔ unindexed triangles share only identical complete vertices, preserving UV and morph seams (4.82975ms)
✔ runtime library contains valid GLBs and equipment references resolve (380.830625ms)
✔ fitting leaves cached geometry unchanged and places a limb under its socket (1.94775ms)
✔ starter pistol resolves to a dedicated articulated arm model (8.721791ms)
✔ nine generated GLBs have valid containers, geometry and expected socket (18.255834ms)
✔ nearby rewards move to inventory exactly once during simulation (6.704167ms)
✔ automatic pickup respects radius and vertical distance (0.213375ms)
✔ manually discarded part waits until the player leaves and returns (0.500875ms)
✔ pickup accepts multiple parts without silently discarding overweight rewards (0.294667ms)
✔ music waits for a gesture and repeated gestures keep a single looping voice (3.175334ms)
✔ mute and hidden tab stop playback; resume retains position without overlapping voices (0.461792ms)
✔ loading while hidden stays silent and failed loads can retry on the next gesture (0.620292ms)
✔ a new profile starts with enabled 30 percent audio and saved settings remain compatible (0.448458ms)
✔ playlist advances in order, wraps, and resumes without skipping a track (1.402333ms)
✔ a pending next track remains silent while hidden and after disposal (1.002708ms)
✔ Technology keeps the same voice across menu, atlas and ordinary gameplay (0.93875ms)
✔ switching playlists ignores stale loads without clearing the current pending request (1.049375ms)
✔ Touch follows engaged bosses, including mission and final bosses, with menu priority (1.261167ms)
✔ loaded track crossfades for 0.8 seconds; loading never cuts the old track (1.10275ms)
✔ rapid switches ramp from the current level; mute stops all fading voices (1.140917ms)
✔ cancelling a pending boss track preserves the audible voice and ignores its late load (2.5655ms)
✔ an old track ending during loading does not advance the incoming playlist (1.097209ms)
✔ default music is a quiet background and boss boost is relative, smooth and reversible (1.164209ms)
✔ boss boost respects mute and changed user volume, including 100 percent (0.671042ms)
✔ story speech ducks either gameplay playlist and restores its previous intensity (0.598625ms)
✔ recycling depends on rarity and rank equally for every kind of part (2.461292ms)
✔ two common parts fund exactly one first upgrade; later improvements cost more (0.725292ms)
✔ only half actual investment returns, and organ bonuses never multiply that refund (0.432375ms)
✔ module validation compares authored port height with the actual surface (90.311541ms)
✔ module validation rejects a missing biome (121.131291ms)
✔ airborne hero can be hit at its real height and is missed by a lower projectile (145.2395ms)
✔ a decoration volume blocks hostile fire before it reaches the hero (114.08275ms)
✔ repeated tiles share immutable atlas windows without invalidating uploads (4.156584ms)
✔ thickets block movement and fire, while narrow passages fit both body sizes (642.111833ms)
✔ stone recess remains enterable and all surrounding safe points have a route (526.998958ms)
✔ 100 seeds: all four biomes, twelve modules, four transitions, connected ground and seams (18827.332041ms)
✔ streaming retains bounded residency, failed loads can retry, obsolete loads release (4.650167ms)
✔ a full ring route preserves run state and loot on return (98.721625ms)
✔ stream retry reloads the same failed tile; crossing is held until ready (56.569917ms)
✔ HUD updates consume changes once and a new run establishes a fresh baseline (1.175791ms)
✔ either reduced-motion preference suppresses JS feedback and screen animations (0.133667ms)
✔ repeat feedback cancels only the previous pulse, preserving unrelated animation (0.072917ms)
✔ bursts reuse fixed storage; low and reduced motion limit decoration immediately (4.683ms)
✔ pause freezes particles, expiry clears them and restart has no stale effects (0.552333ms)
✔ weapon colors are distinct and arcs connect elevated world endpoints (0.138583ms)
✔ player hit pours varied directional green droplets that fall and settle without allocating beyond the pool (0.347375ms)
✔ enemy death creates a small radial burst of yellow droplets (0.1605ms)
✔ hit VFX review loops the real player-hit event without spawning combatants (0.151625ms)
✔ Three view keeps two pooled draw objects and releases both materials and geometries (9.390209ms)
✔ survival result fixture works without a mission object (106.826542ms)
✔ each melee weapon has a distinct trajectory, with a shield thrust and drill rotation (2.661333ms)
✔ projectiles differ in silhouette and trail length, independent of simulation stats (0.990541ms)
✔ melee effects have different spatial patterns and expire in fixed storage (0.223583ms)
✔ bulk and rated capacity slow turning; backpack load does not (2.065584ms)
✔ turning takes the shortest arc, is bounded and independent of timestep (0.315916ms)
✔ each mount owns its side; rear targets and empty opposite mounts cannot bypass it (0.222ms)
✔ blocked attacks spend no ammo or attack proc and resume after the body turns (4.844541ms)
✔ shield splash crosses the centreline after a valid strike, but repeats cannot originate across the body (0.556375ms)
✔ body health grows independently with rank and rarity for every chassis (13.094709ms)
✔ swapping high quality bodies preserves wounds through repeated swaps (0.799292ms)
✔ body swap eligibility includes rank and rarity after health deals (0.3255ms)
✔ structural size follows mounts and carrying capacity without changing with backpack contents (1.783167ms)
✔ current world retains passages that admit the starter and block a large frame (37.156083ms)
✔ a larger body cannot be equipped into a gap it cannot occupy; smaller bodies remain swappable (17.83425ms)
✔ organ slots grow with rank and rarity, with a strict tradeoff for armed bodies (2.069667ms)
✔ eight-slot body equips the final slot and moving to four arms preserves surplus organs (1.594708ms)
✔ altar cannot sell an organ slot beyond the global cap (0.254375ms)
✔ event slots exceed the many-arm natural cap and persist across body swaps (0.6465ms)
✔ each chassis exposes one signature condition without universal slot bonuses (2.544792ms)
✔ broodmother description shows the current drone count without a rank formula (0.465167ms)
✔ wanderer needs both installed legs for its movement multiplier (0.725792ms)
✔ hunter needs three installed arms and boosts only ranged damage (0.414792ms)
✔ bastion requires four installed organs rather than four available or empty slots (0.162833ms)
✔ chimera needs four mixed arms and boosts every arm only while mixed (0.31ms)
✔ rootwalker gains two max health with four legs and preserves wounds when toggled (0.411375ms)
✔ hecaton needs four installed arms for twenty percent attack speed (0.199459ms)
✔ organ booster scales projectile speed, attack rate, regeneration and biomass but not refunds (0.310958ms)
✔ slime snapshots on attack and larvae snapshot organ power when summoned (2.769834ms)
✔ shield recharge and armor capacity use boosted organs without extra HP (0.578333ms)
✔ reverse heart impulse uses boosted power without recursively creating pulses (0.263708ms)
✔ shipped bosses contain connected hip/knee/foot chains; rest pose preserves every joint (110.426209ms)
✔ two-bone solution preserves segment lengths for near, far and degenerate targets (0.091084ms)
✔ walking has alternating lifted feet and visible knee articulation; planted feet stay level (79.751083ms)
✔ each boss animates its authored skill organs during preparation and release (65.6755ms)
✔ animation does not mutate combat, disabled supports stay hidden, reduced motion retains cast signal (11.435375ms)
✔ pause and freeze hold every articulated joint; resume does not jump the walking clock (54.24725ms)
✔ dash overrides stale attack release and mirror gets its own looping pose (0.104708ms)
✔ real shipped geometry stays above the floor through skill impact and dash (148.455916ms)
✔ map bosses retain five different generated bodies and weapons, including the Mother (513.847208ms)
✔ map bosses regenerate their rank percent of maximum health every minute (252.167ms)
✔ Mother outheals sustained low-level chip damage (161.178208ms)
✔ all five timed waves use mission bosses and leave generated habitats untouched (144.28825ms)
✔ generated Mother retains her own post-15-minute growth without mission support nodes (113.131083ms)
✔ all mission design IDs resolve to bounded, textured production GLBs (4.309375ms)
✔ fitting preserves proportions, facing and floor origin without changing the template (1.33925ms)
✔ loading uses fallback, swaps exactly once, animates only from movement, respects pause, and resets (3.919709ms)
✔ failed GLB loads retain the regular renderer and late loads cannot resurrect disposed bosses (1.142584ms)
✔ controlled build fixtures match cost, chassis, defence, weapons and improvement count (16.817666ms)
✔ damage diagnostics count applied damage without overkill or double-counting dead enemies (2.509208ms)
✔ same seed and style reproduce all comparison metrics (107.965167ms)
✔ many enemies share bounded path work when a bush hides an unreachable goal (16.765583ms)
✔ incremental routes still let enemies pass a bush without crossing it (2.049625ms)
✔ flying enemies cross thickets directly while ground navigation remains solid (0.9895ms)
✔ enemy path searches continue on challenge combat time while survival time is paused (1.579958ms)
✔ hero hit camera shake is brief, bounded and settles at the exact origin (1.833791ms)
✔ reduced motion suppresses hero hit camera shake (0.074875ms)
✔ catalog uses the approved short civilian names in both languages (19.728292ms)
✔ every set shares its profession name with its base chassis (0.101791ms)
✔ every atlas item has a reachable in-game unlock source (1.352958ms)
✔ every survival reward names its complete survival-only condition (6.732375ms)
✔ all former multi-item boss rewards keep explicit deterministic unlocks (0.0865ms)
✔ survival milestones really unlock their complete configured catalogue set (5.220042ms)
✔ approved gunshot covers pistol, seed, shotgun and needle; selected melee and harpoon use their own recordings (3.865375ms)
✔ shield waits for contact, rocket waits for explosion, and arc links do not stack a full sound per target (0.909875ms)
✔ repeated unlocks load every chosen file once; mute blocks all selected effects (0.709291ms)
✔ fast drills renew the owning motor; all new effects have a bounded voice count (1.208959ms)
✔ master mute blocks loading and playback, and mutes already playing shots (0.484917ms)
✔ simultaneous guns are audible independently, with a bounded voice count (1.408ms)
✔ eight rounds start a committed reload; no shots until magazine restored (7.164459ms)
✔ shotgun spends one of two charges on five 5.25-damage pellets and reloads in two seconds (1.188584ms)
✔ machine gun uses strong line spread that grows through the burst (0.285209ms)
✔ partial magazine reloads after combat and idle never spends rounds (5.10675ms)
✔ independent magazines do not block other guns or claws (3.010958ms)
✔ melee charges are spent and restored independently without slowing movement (4.175792ms)
✔ unequip/equip cannot refill a magazine or cancel its timer; pauses freeze both (1.999584ms)
✔ shooting slows walking once, reload restores it, releasing input stops immediately (8.329375ms)
✔ rocket launch slows the short recovery window; flying bees do not keep the player slow (1.492792ms)
✔ diagonal motion is normalized and regular bullets do not home after emission (1.23425ms)
✔ needle still sweeps through close targets between simulation frames (0.826417ms)
✔ hit knockback is damped, bounded by collision and weaker on bosses (0.160333ms)
✔ shot cadence stays within one shot at 30, 60 and 120 Hz (58.890292ms)
✔ HUD uses real ammo and reload time without mutating the weapon (0.71075ms)
✔ disabled guns stop firing and release movement immediately without refilling ammo (5.281667ms)
✔ disabled synchronized weapon cannot block the enabled gun or fire an echo (0.482291ms)
✔ distant, occluded and out-of-arc targets do not slow walking (0.162875ms)
✔ weapons engage at their effective range, including melee body radius (0.979125ms)
✔ shot creates a full readable recoil with exponential recovery (1.825417ms)
✔ pistol arm cycles its slide and breech through a distinct attack pose (0.277625ms)
✔ impact color and squash decay, reload readout follows actual timer (0.726541ms)
✔ a normal enemy is pushed backwards despite continuing pursuit; impulse is capped (5.384334ms)
✔ ordinary deaths drop once, elites/bosses/objectives do not drop orbs (2.617875ms)
✔ all eleven weighted outcomes are reachable without advancing combat RNG (1.088792ms)
✔ eligible rolls yield about one percent and biomass dominates (10.058375ms)
✔ mass kills cannot bypass the twelve-second combat-time interval (0.623416ms)
✔ six natural drops block more until a pickup or expiry frees room (1.077416ms)
✔ failed placement does not spend cooldown and a fresh run has no cooldown (0.512125ms)
✔ biomass is collected exactly once through the game step (5.166083ms)
✔ collection respects distance, floors, walls, expiry, cap and death (0.351292ms)
✔ one-use shield blocks before organ armor and expires without stacking (0.582833ms)
✔ map and compass follow consumables and remove collected targets (0.473792ms)
✔ phase lasts two combat seconds including challenge time (0.251167ms)
✔ attraction gathers distant XP and consumables without collecting equipment (0.153333ms)
✔ recharge refills installed weapons and clears reload/cooldown (0.1315ms)
✔ sleep stops ordinary enemies and ends on damage, never sleeping elites (1.509416ms)
✔ impulse preserves newly spawned drops and pushes only ordinary enemies (3.25225ms)
✔ parasites deal secondary damage and stop at their deadline (0.676542ms)
✔ mark amplifies damage for eight seconds and remains on ground without a target (0.61575ms)
✔ beacon distracts reachable normal pursuers and expires (0.4115ms)
✔ revival charges stack, are spent before the equipped revive and never revive a dead run (0.620166ms)
✔ view shares fixed batches, renders every hue and resets/disposes resources (9.091041ms)
✔ primary CTAs are green-filled and last in horizontal action rows (7.825542ms)
✔ damage event reports armor-adjusted HP loss including lethal hits, without duplicate dead hits (5.684ms)
✔ weapon crit roll reaches damage presentation without changing damage math (2.163958ms)
✔ damage review visibly loops through a real three-target shield impact (8.4485ms)
✔ numbers expire, pause, aggregate DoT, respect reduced motion and cap crowds (0.538875ms)
✔ a lethal hit delays results, separates actual equipped parts and freezes gameplay (30.644041ms)
✔ pause preserves the death pose and reduced motion still reaches a readable fallen state (1.4805ms)
✔ nonlethal hits, revival and mission failure do not disassemble a living creature (0.350625ms)
✔ loaded body/head and varied limb assemblies keep shared materials and late loads out of debris (6.5975ms)
✔ digestion quote leaves inventory untouched and matches the actual reward once (2.135792ms)
✔ stomach must still be installed when confirming (0.213ms)
✔ equipped arms, legs and organs recycle atomically with the quoted refund and no healing (0.973166ms)
✔ ground loot cannot be recycled by current or legacy calls (0.132958ms)
✔ current body, bound arm and sole stomach remain protected; another stomach permits recycling one (0.228334ms)
✔ successful dodge leaves a bounded turquoise hero afterimage for 0.15 seconds (4.539875ms)
✔ reflex organ and Mobility ranks share one bounded dodge stat (2.107667ms)
✔ a dodge consumes no health, armor, shield or hit invulnerability (1.063083ms)
✔ repeatable health skill grants one maximum-health segment per rank (0.28075ms)
✔ discard installed or stored items once, preserve identity, and allow pickup (3.57375ms)
✔ ground meshes use shared part and highlight batches, then clear on reset (4.405042ms)
✔ a physical story clue reuses an existing item model and highlight treatment (0.423375ms)
✔ walking over a story clue records it without adding equipment (0.233959ms)
✔ a guardian trophy exposes its memory trace in item details (0.398625ms)
✔ roots: largest body traverses every branch both ways and backs away from edges (477.31425ms)
✔ roots: mission scenery leaves the full central lane clear (237.112333ms)
✔ catacombs: largest body traverses every branch both ways and backs away from edges (432.320292ms)
✔ catacombs: mission scenery leaves the full central lane clear (212.142167ms)
✔ roots: real map entry, frozen survival timer, exit and resume preserve enemies (248.835542ms)
✔ roots: clear produces one real item per elite and completes on exit (204.000625ms)
✔ catacombs: real map entry, frozen survival timer, exit and resume preserve enemies (212.688042ms)
✔ catacombs: clear produces one real item per elite and completes on exit (143.044291ms)
✔ dungeon render readiness releases the frame loop and permits a walking round trip (720.916125ms)
✔ inner right-angle turns become a smooth, walkable fillet (23.210875ms)
✔ dungeon_roots: floor and cliff share a closed contour matching movement (1116.569833ms)
✔ dungeon_catacombs: floor and cliff share a closed contour matching movement (1142.274125ms)
✔ two mirrorGland organs equip, replace and remove independently (3.362416ms)
✔ two reflexNerve organs equip, replace and remove independently (0.573666ms)
✔ two returnNerve organs equip, replace and remove independently (0.471ms)
✔ two slime organs equip, replace and remove independently (0.367417ms)
✔ two parasite organs equip, replace and remove independently (1.310209ms)
✔ two commonNerve organs equip, replace and remove independently (0.94775ms)
✔ two reverseHeart organs equip, replace and remove independently (1.978208ms)
✔ two regen organs equip, replace and remove independently (0.447166ms)
✔ two shield organs equip, replace and remove independently (0.364334ms)
✔ two armor organs equip, replace and remove independently (0.483042ms)
✔ two repairGland organs equip, replace and remove independently (0.33175ms)
✔ two broodNode organs equip, replace and remove independently (0.263125ms)
✔ two stabilizer organs equip, replace and remove independently (0.689791ms)
✔ two digestion organs equip, replace and remove independently (0.224792ms)
✔ two accelerator organs equip, replace and remove independently (0.212583ms)
✔ ground quick equip accepts a second identical organ exactly once and body swap preserves both (0.482458ms)
✔ duplicate passive organs add their full numeric effects except stomachs (0.258166ms)
✔ duplicate slime snapshots on attack while wombs produce independently (0.759917ms)
✔ parasite organs preserve each rank damage in automatic broods (0.335375ms)
✔ duplicate common nerves, reverse hearts and mirror glands multiply their attacks (1.620458ms)
✔ duplicate shields charge and block independently with a visible charge count (0.649292ms)
✔ elite keeps both fifteen-percent speed increases over an ordinary mass unit (3.147375ms)
✔ melee elite closes distance through sustained seed knockback (18.177417ms)
✔ every three eligible elites include a shooter, acid caster and fighter, including automatic promotions (6.362208ms)
✔ elite variety is deterministic and ordinary spawns cannot consume its rotation (0.7215ms)
✔ elite seed alternates its shot with a telegraphed acid attack at range (3.575333ms)
✔ elite needle alternates its shot with a telegraphed acid attack at range (4.572917ms)
✔ acid elite alternates a dodgeable pool with a direct needle shot (0.254583ms)
✔ the elite secondary attack stays cancellable while frozen or occluded (0.336833ms)
✔ survival encounters vary by seed, spread across tiles with no more than two objects each, and remain reachable (7265.631917ms)
✔ enemy acid leaves a two-second pool that slows on entry and deals half HP per exposed second (10.877375ms)
✔ dodging the acid impact avoids its pool until the player enters it later (0.350042ms)
✔ overlapping enemy acid pools share one damage clock (0.1955ms)
✔ mission room strength scales acid pool damage (0.141333ms)
✔ 20 unique recipes and five bosses fit shared catalog slots and capacity, including elite upgrades (0.938958ms)
✔ all 20 recipes keep distinct visible assemblies while bosses stay distinct (3.29425ms)
✔ each enemy type owns one fixed body silhouette (9.803708ms)
✔ enemy part recipes preserve equipment while the renderer supplies chassis connections (0.792833ms)
✔ every thirtieth survival spawn is promoted to an elite (0.422833ms)
✔ only time unlocks recipes and tiers, at exact boundaries (0.581458ms)
✔ assembly uses its own deterministic stream without consuming RNG, item or entity IDs (2.824333ms)
✔ opening assemblies require two ordinary starter claw hits but a critical hit can kill (3.9855ms)
✔ actual early spawns keep whole HP and survive one noncritical hit (0.564416ms)
✔ phase budgets are applied once and explicit mission spawning stays legacy (2.750959ms)
✔ ordinary direct melee has no separate attack and body contact deals half damage (4.852584ms)
✔ ordinary melee damage begins only when silhouettes touch (0.833583ms)
✔ ordinary enemies keep their direct attacks while survival bosses teach two moves, then unlock a third (1.064458ms)
✔ freeze cancels warning, pause preserves it, death prevents a strike, return cancels attacks (0.133958ms)
✔ sector sides, fixed acid circle and vertical separation match warning geometry (0.048166ms)
✔ needle uses its speed and swept collision without hitting twice (0.093709ms)
✔ 100 creatures remain modular even with no GLB loader; pools reset cleanly (17.695083ms)
✔ cold-loaded enemy weapons use a narrow drive instead of a large spherical placeholder (0.57075ms)
✔ loaded detail geometry is shared by instances, not cloned per enemy (17.8255ms)
✔ a warned strike and body contact share invulnerability (4.550166ms)
✔ loaded wing animation stays faithful with a bounded cache over twenty minutes (211.347333ms)
✔ body contact deals half damage and sustained overlap respects the one-second cooldown (16.354167ms)
✔ animated puppet and repeated assembly scale reuse a finite set of fitted shapes (76.237542ms)
✔ mesh frustum culling retains visible assemblies and skips wholly offscreen geometry (1.81925ms)
✔ ordinary and elite direct strikes release immediately while their large areas wind up (4.164416ms)
✔ every survival boss move has a readable wind-up pose (0.998ms)
✔ warned area contact pose coincides with its resolution without an animation restart (0.183167ms)
✔ weapon poses are distinct and independent of render rate; frozen/dead enemies stop (1.011958ms)
✔ reduced motion retains readable attacks while suppressing the drill spin (0.089333ms)
✔ instant claw contact keeps its horizontal aim and returns without barrel spin (0.685541ms)
✔ animated instances reuse the same geometry and pools throughout the full attack (9.377458ms)
✔ elite and boss modular attack recovery is three and two times faster (4.959292ms)
✔ attack telegraphs keep their readable duration when recovery accelerates (0.377375ms)
✔ authored mission bosses use the same two-times recovery multiplier (0.505042ms)
✔ enemy contacts are batched, ground-aligned and controlled by the high-quality gate (2.279416ms)
✔ enemy contact capacity is hard bounded (0.622459ms)
✔ lethal damage publishes the visual snapshot before simulation removes the enemy (3.30225ms)
✔ enemy separates into moving parts and leaves no corpse or permanent stain (2.670041ms)
✔ death aftermath has a hard cap and reduced motion still shows separated parts (3.216542ms)
✔ hostile projectile styles have three non-red weapon silhouettes and a legacy fallback (0.572417ms)
✔ hostile projectile view aligns full 3D trajectories and reuses bounded pools (14.393959ms)
✔ sculpted seed and boss shells have outward normals and smaller needles retain all proportions (3.276583ms)
✔ shield-bearer reduces the frontal 120 degree sector by exactly 80 percent and leaves its rear open (2.114709ms)
✔ shield-bearer holds between rams whose impacts are five seconds apart (0.493333ms)
✔ mirrorling turns one player projectile into a hostile shot and observes its cooldown (0.324625ms)
✔ puppeteer keeps releasing visible pairs while alive and replenishes losses (0.891709ms)
✔ puppeteer workers visibly assemble from separate equipment before becoming whole (0.829542ms)
✔ divider splits once into two smaller rewardless attackers (0.82ms)
✔ all four specialists use fixed authored bodies and attack-ready visual parts (0.7835ms)
✔ bosses telegraph their authored moves while an ordinary shooter still fires immediately (3.424958ms)
✔ bee crosses ground crowd and damages the player only by touching (7.581583ms)
✔ minute signatures enter actual spawn requests (0.886959ms)
✔ volatile stat adjustment happens once (0.142792ms)
✔ boss-first survival warmup is minimal while missions retain their authored budget (0.796375ms)
✔ ordinary shooter fires immediately once and recovery blocks a repeat (0.243792ms)
✔ Warden ram warning and impact use the same forward arc as damage (4.3665ms)
✔ enemy acid warning stays subtle until an organic impact surface grows from the strike (2.645291ms)
✔ a projectile ring uses a circular telegraph instead of a misleading aim line (0.6765ms)
✔ 3D borders use their biome models and keep entire fitted models outside gameplay (41.452875ms)
✔ dense edge forms a raised barrier without changing the playable height (0.440833ms)
✔ outer ground covers corners once; no coplanar overlaps or legacy image strips (1.045375ms)
✔ scrapyard keeps the front fence and rocks but omits redundant rear junk walls (1.3555ms)
✔ incremental light preparation preserves one clear, all depth draws and renderer state (6.61925ms)
✔ the synchronous compatibility entrypoint keeps a single depth scene draw (1.117792ms)
✔ cancelled light preparation releases its render target and owned depth materials (0.561375ms)
✔ an empty incremental light target is still cleared to fully lit (1.124125ms)
✔ all mission pockets are deterministic, bounded, leave a clear central route and do not change collision (16.202959ms)
✔ survival pockets avoid cross-cell routes and safe points (8.638583ms)
✔ grass tufts are real bent low-poly geometry with no texture dependency (0.836541ms)
✔ all five mission identities also exist in the mixed survival map (11.279ms)
✔ new environment module collisions match normalized Blender exports (119.313625ms)
✔ five side reliefs are distinct, central mission combat and seams remain flat (1.558917ms)
✔ terrain vertices use the same height source as collision and preserve portals (15.646791ms)
✔ each of five survival families owns all three modules, including a full nursery set (1.346041ms)
✔ material weights agree on both sides of every edge, including corners (1.736709ms)
✔ the active shared ground path preserves baked direct lighting and binds the new atlas (0.718458ms)
✔ neighbor lightmaps feather reciprocal forest shadows across tile seams (0.44275ms)
✔ ten distinct shipped props, two reference silhouettes per family, with collision bounds (12.06875ms)
✔ survival gets companion props without changing authored Forest lightmap placements (3.850875ms)
✔ shared metal wear retains vertex AO without loading another texture (0.680209ms)
✔ small 3D fragments stay outside central combat clearance and use one batch (24.534875ms)
✔ shadow projections use actual obstacle height, not a generic size multiplier (0.925ms)
✔ root forest mission reuses the sculpted ceramic arch with matching collision (2.274958ms)
✔ all five cells have different weather; weights are continuous on boundaries (2.4465ms)
✔ survival weather blends over time, holds on pause and resets for a new world (2.123833ms)
✔ weather anticipates a boundary and stays continuous when crossing back and forth (2.724041ms)
✔ each mission retains its own weather at the entrance, gates and final room (5.882042ms)
✔ weather reuses lights, bounds particles and honours pause/reduced motion (1.700042ms)
✔ late-session weather changes integrate particle velocity without trajectory jumps (43.538917ms)
✔ ground repeat sampling uses continuous windows and unwrapped mip gradients (0.19575ms)
✔ body identity follows its inventory icon even with a saved legacy visual or another set (0.571125ms)
✔ registered catalog items have nonempty real GLBs and only the authored brood fallback is shared (1809.252ms)
✔ real attachments fit every chassis, weapon, leg and additional six-leg configuration (5467.034667ms)
✔ removing slots does not recenter remaining limbs, delayed loads cannot revive retired models (71.654084ms)
✔ every chassis visual variant remains connected through turns, recoil and melee extension (120.413ms)
✔ the authored body silhouettes retain horizontal, broad and upright proportions (0.621458ms)
✔ new nursery items cannot shift the existing icon atlas coordinates (13.175084ms)
✔ body wear reuses joint textures without enabling missing vertex colors on bearings (0.111209ms)
✔ every socket belongs to one equipment slot, empty sockets are closed and occupied drives start there (20.157041ms)
✔ mixed root and normal legs average speed, swapping and removing immediately recompute (2.643458ms)
✔ every chassis supports independently typed legs and sparse slots preserve physical identity (9.010875ms)
✔ internal organs retain mechanical effects without exterior model placeholders (4.954ms)
✔ new weapon models are distinct; legacy hammer remains a functional shield bash (1.068ms)
✔ root unlock remains available to profiles that already earned the old five minute reward (0.593125ms)
✔ real GLB legs stay above ground and extend outwards on either side (318.115958ms)
✔ all rendered event models stop a player approaching from every side, including a large movement step (8.645834ms)
✔ gate stops repeated forward input, permits walking around, and remains within interaction range (0.56925ms)
✔ large bodies can still interact from the front of the gate (0.120666ms)
✔ hidden locked events do not leave invisible barriers; completed buildings stay solid (0.105292ms)
✔ spawn and level-up overlaps allow escape but cannot be traversed after leaving (0.193292ms)
✔ inside a dungeon only its visible exit blocks movement (0.094875ms)
✔ ordinary event labels appear only at interaction distance from the building (1.13325ms)
✔ active challenge progress keeps its wider visibility range (0.062917ms)
✔ survival has nine secrets and three sequential tiers for each trial (1.774458ms)
✔ time cannot unlock late trials before their level (0.12175ms)
✔ approaching a secret gives no map marker, prompt, discovery or signal; opening enables local reward (0.89175ms)
✔ higher-tier trials scale enemy health, pursuer count and granted item tier (1.077083ms)
✔ altar charges one max HP once and applies only its bonus (2.516083ms)
✔ altar_organs charges one max HP once and applies only its bonus (0.471958ms)
✔ altar_speed charges one max HP once and applies only its bonus (0.404958ms)
✔ altar_armor charges one max HP once and applies only its bonus (0.27725ms)
✔ altar_capacity charges one max HP once and applies only its bonus (0.273209ms)
✔ fusion preserves the last current HP and rejects cross-operation offers atomically (0.324834ms)
✔ infection counts time in the expanded area, pauses outside, and rewards survival with pursuers alive (0.407709ms)
✔ final challenge never scales down for an early arrival and leaves mission tuning alone (4.369333ms)
✔ Mother remains identifiable from spawn, focuses a live waypoint, and clears on victory (191.64375ms)
✔ Mother teaches two telegraphed patterns, then unlocks a third attack below sixty percent (0.666375ms)
✔ prepared level 30 builds can win a sustained duel with spacing; standing still loses (1587.634584ms)
✔ finished real gate uses the shared ceramic texture and greenery moves with each leaf (109.969458ms)
✔ interaction highlight preserves custom gate shaders and restores their materials on disposal (78.282875ms)
✔ lair event loads the finished gate and late loads cannot resurrect a removed entrance (266.58675ms)
✔ opening Warden ram hits only its locked forward sector in both phases (166.597333ms)
✔ root Warden keeps its separate circular ground slam (122.938084ms)
✔ opening habitat deals at most half a heart through contact, melee and phase-two shots (124.160417ms)
✔ intro boss takes 8–11 seconds with one unupgraded starter claw (34.047792ms)
✔ first boss guarantees digestion every run and unlocks real recycling/upgrading (1.381292ms)
✔ boss and elite bars face camera, shrink and disappear after death/reset (1.328833ms)
✔ first boss funds one real upgrade through pickup, equip and two digestions, only once (4.422042ms)
✔ playable survival has continuous sculpted ground, filled gaps and no jump links (234.645167ms)
✔ continuous survival boundary stops the hero without falling or damage (142.102583ms)
✔ sculpted landscape fills all cells and former cutouts with connected ground (128.81325ms)
✔ all biome entry points ignore the retired terrain option and generate continuous sculpted ground (188.143417ms)
✔ every map edge blocks both body sizes without terrain damage (166.146292ms)
✔ stale vertical state is grounded without applying damage or a jump (147.946791ms)
✔ combat scatters life and requires five active quiet seconds; pause cannot advance recovery (1.511125ms)
✔ high quality keeps the complete ambient tier under sustained load (0.879333ms)
✔ ambient pools obey tiers, player proximity, combat density, reduced motion and reset (4.407542ms)
✔ new installs default to 60, saved choices survive and menus throttle (0.439833ms)
✔ forest surrounds only external edges and leaves playable ground and internal seams clear (16.012125ms)
✔ detail shells share a batch with aligned atlas rects and rigid architecture (3.721ms)
✔ forest leaf sprays have bounded geometry and atlas-safe UVs (4.1795ms)
✔ foliage shares wind state and rejects the explicit black source before depth writes (0.766959ms)
✔ forest ground replacement stays in the existing ground shader (0.142625ms)
✔ baked visibility affects direct sunlight only, preserving ambient fill (1.445083ms)
✔ outer forest breaks the tree row without intruding into playable ground (3.495834ms)
✔ legacy forest shader does not depend on authored tile lighting (0.159792ms)
✔ reused material atlas projects continuously while retaining vertex AO (0.631292ms)
✔ every authored forest placement and its static lightmap are seed-independent (37.567875ms)
✔ composed forest covers the entire perimeter once and never covers playable ground (25.760625ms)
✔ corner tessellation shares exactly the same source UV across both joints (1.130125ms)
✔ Forest world keeps all large-body targets reachable across seeds and variants (1413.726083ms)
✔ Blender boulder collision silhouette matches the actual exported mesh (1.702375ms)
✔ arch piers are solid but their rotated central opening fits the large body (0.345125ms)
✔ Forest runtime uses instanced volume meshes, not environment shell images (29.063125ms)
✔ tree variants have distinct proportions and the root bank has no tall needle (10.020666ms)
✔ shared frame preparation stops at budget, respects priority and cancels obsolete work (6.261041ms)
✔ asset loads have a global concurrency ceiling of two and recover after rejection (12.870459ms)
✔ tile queue prioritizes current requests, limits active builds and releases stale completions (6.062417ms)
✔ catalog contains all current bodies, weapons and organs (0.635083ms)
✔ baseline is one melee arm, vacant second mount, two legs and active Wanderer body and set speed (2.047125ms)
✔ four arms fire in one tick and retain independent timers (2.206417ms)
✔ body shrink preserves selected limbs, old body, soul, enhancements and missing health segments (0.780458ms)
✔ invalid duplicate body selections are atomic (0.148709ms)
✔ overload prevents movement but allows attack; thrown item persists and can return (6.69175ms)
✔ body weight is spare-only and Hecaton no longer discounts individual arms (0.563166ms)
✔ missing legs scale mobility and Rootwalker trades its health bonus at four installed legs (0.755791ms)
✔ shield cannot be refilled by un/re-equipping or swapping bodies (2.07975ms)
✔ each item rank adds 15 percent weight while power and capacity retain their own scaling (0.448584ms)
✔ individual upgrades follow item; learned abilities affect replacement arms (0.530875ms)
✔ biomass cost, limits and actual-spend refund; no self digestion or distant digestion (0.587667ms)
✔ rank ten enforced and insufficient biomass is atomic (0.563625ms)
✔ loot tier boundaries redistribute mass without out-of-range levels (0.104791ms)
✔ multiple earned levels resolve one choice each and block combat until selected (1.33225ms)
✔ all twelve attacks cause damage with distinct projectile handling (145.299583ms)
✔ pistol arm has five rounds, a slower cadence and a 30 percent double-damage critical (3.933542ms)
✔ needle pierces three enemies, rocket assigns distinct available targets, chain drops off (3.449458ms)
✔ living ricochet redirects real projectiles and leaves melee attacks direct (6.651375ms)
✔ rocket bees fly slowly, show their damage and strongly scatter a small area (12.666916ms)
✔ rocket hive is intentionally the heaviest weapon (0.105875ms)
✔ acid pools from same arm do not stack, other arms do (0.419375ms)
✔ fangs do not heal on every hit, drill ignores half armor, projectile stabilizer does not affect ray intervals (0.361917ms)
✔ enemy scaling is time driven and spawns outside hero footprint (0.127541ms)
✔ elite loot chance, boss reward, unlock award and persistence stay coherent (1.332958ms)
✔ final boss on minute forty yields decision and continuation (3.768167ms)
✔ all five missions clear 25 escalating rooms, end with boss plus elite and award their catalogue (839.174541ms)
✔ mission events block every third-room gate and alternate sacrifices with combat trials (141.43375ms)
✔ mission altar costs health and circle reward appears only after holding it (49.432708ms)
✔ missions have no timeout and do not alter the survival world contract (338.80875ms)
✔ procedural chunks deterministic and connected corridors fit largest creature (52.440625ms)
✔ death and fresh runs reset soul, inventory and biomass while keeping catalog (0.186334ms)
✔ domain entry points preserve simulation API identity (1.089958ms)
✔ event detail illustrations reuse matching achievement scenes (0.099ms)
✔ world modules retain opened shells and distinguish active, reward and exhausted states (7.3155ms)
✔ nursery, slab and organic cache use volumetric modules and keep reward states (0.765667ms)
✔ existing event models replace placeholders, and late loads cannot revive retired scenes (2.025542ms)
✔ simultaneous event discoveries announce together once instead of overwriting notices (0.568ms)
✔ exact indexing preserves full vertex bytes, order, groups and draw ranges (1.608417ms)
✔ UV and morph seams and signed zero remain distinct (0.309625ms)
✔ sums every pass and upload once and waits for the complete frame (2.574333ms)
✔ disjoint and query overflow frames cannot report partial GPU times (0.126125ms)
✔ missing extension stays unavailable and dispose restores methods (0.095334ms)
✔ counts preparation submitted between animation callbacks (0.075875ms)
✔ texture preparation shares uploads, tracks versions and remains renderer-specific (1.425583ms)
✔ a cancelled texture job can retry and each upload gets its own work unit (0.367583ms)
✔ a live tile retries an upload whose original tile was cancelled (0.127542ms)
✔ unregistered loot cannot interrupt frames or hide other pickups (5.478709ms)
✔ ground item and affordance share the live terrain height without terrain clipping (3.805917ms)
✔ contact patch follows the player and conforms to sloped ground (1.575042ms)
✔ scales with body, softens in air and hides outside the world (0.249041ms)
✔ hero melee weapons start at the body edge and keep their 30% reach increase (3.66925ms)
✔ larger bodies add their full hull radius to melee range without changing ranged weapons (0.296584ms)
✔ hero claws hit beyond their former attack range (1.87825ms)
✔ Rootwalker melee damage lands beyond its hull instead of inside it (0.904542ms)
✔ HUD describes real starting arms without changing the run (2.598791ms)
✔ HUD preserves four slots, vacant mount, item tier and numeric upgrade rank (0.627ms)
✔ HUD derives independent cooldown fractions and clamps the indicators (0.3935ms)
✔ game loads the shared component presentation and keeps gameplay anchors (6.757791ms)
✔ HUD and screens share canonical item art; historical preview remains independent (4.51425ms)
✔ HUD exposes persistent assembly, map and weapon toggle instructions (5.127375ms)
✔ physical creature exposes exactly the equipped arms and legs, including four-arm body (6.705709ms)
✔ equipped limbs retain independent pivots inside a continuous mechanical chassis (2.060417ms)
✔ all eleven pickups have English and Russian names, details and compact notices (19.602792ms)
✔ new and existing profiles default to English without losing other settings (0.164459ms)
✔ language survives reload and remains effective when storage is unavailable (0.182709ms)
✔ dynamic stats, units and longest phrases translate without changing values (0.082542ms)
✔ production copy has English coverage, including catalog data and template fragments (131.666042ms)
✔ highlight animates deterministically, respects reduced motion, restores shared material and disposes once (2.645916ms)
✔ event highlight follows availability, distance and outcome without changing simulation state (1.268458ms)
✔ new inventory badge counts collected items that remain in inventory (2.302666ms)
✔ items removed before assembly do not remain in the badge count (0.513ms)
✔ a viewed item does not become new again after drop and pickup (0.276458ms)
✔ chosen boss reward is new inventory (0.580625ms)
✔ distinct equipped family types activate together, inventory and duplicates do not count (3.566167ms)
✔ switching equipment disables mutation without resetting combat counters (1.0615ms)
✔ new behavior organs have only meaningful upgrades and describe compatible hands (1.33625ms)
✔ all-hand organs do not render compatibility lists (0.1615ms)
✔ parasite no longer infects from hand attacks or repeats (0.483375ms)
✔ death leaves slime but neither old infection nor larva kills reproduce (1.181166ms)
✔ slime pools slow every enemy class equally without damaging, infecting or extending corpse slime (0.215916ms)
✔ slime slowdown scales five points by rank and two points per upgrade, then snapshots on hit (6.783833ms)
✔ expired clutch never spawns, persistent shots retain organ snapshots (0.2895ms)
✔ timed parasite larvae scale by rank and upgrades and snapshot chassis power (24.03725ms)
✔ return damage scales from 10 to 50 percent by organ rank and snapshots chassis power without refunding ammo (488.103709ms)
✔ common nerve holds faster hands while rank and upgrades improve its coordinated volley (0.703875ms)
✔ conductor emits three targets with electric bonus and plasma, preserves cooldown across removal (0.476834ms)
✔ mire buffs once in overlapping enlarged acid and slime pools, deactivates immediately (0.141792ms)
✔ health trades persist slots and missing health across body swaps and reject lethal trades (0.42925ms)
✔ fused hand cannot be replaced or left behind during body swap and stays bound after a boss (0.831917ms)
✔ reverse heart responds only to actual heal while rank and upgrades improve its impulse (0.348792ms)
✔ all encounters are deterministic and placed on walkable ground across seeds (6349.03ms)
✔ painted adapter also places exactly seven reachable encounters with the shared sealed radius (0.520542ms)
✔ reward choice is atomic, seeded, one time, gives slab biomass and unlocks selected key (0.338ms)
✔ acid secret opens on projectile impact, incompatible hands never open it (3.562791ms)
✔ challenge gates reject early start, bosses, a second challenge and pending choices (0.566833ms)
✔ challenge freezes run and mission clocks, waves and XP pause freezes every clock (2.19525ms)
✔ infection disables healing inside, accumulates only inside and completes once (0.269834ms)
✔ sealed area contains player until both timer and enemies complete; hunt failure leaves elite alive (1.059167ms)
✔ discovered challenge adapts a reward to incomplete family once without UI rerolls (0.113959ms)
✔ rare pool remains available in fresh profile and excludes rare organs from ordinary pool (0.266ms)
✔ secondary pools are bounded and retired death infections do not spawn larvae (0.436417ms)
✔ multiple mutations coexist and replacing an organ with a duplicate updates family membership (0.191042ms)
✔ health deal price cannot be erased by body comparison and replacing a bound slot is rejected there too (0.266375ms)
✔ health recovery, burn, echo and shields continue on combat time while mission progress is paused (0.805917ms)
✔ electrical ability and conductor lightning can wake a secret without an arc hand (0.541542ms)
✔ all secret tools open their matching objects and each reward is claimed once (1.690084ms)
✔ enemy death creates experience orb; set radius attracts it but does not collect equipment (30.824584ms)
✔ random pickup property activates only when installed and attracts actual orbs (1.361333ms)
✔ displayed reload and regeneration use applied affixes, sets and legs (1.745791ms)
✔ installed body inspector includes event-granted organ mounts (0.67925ms)
✔ preview matches paid upgrade without mutating the live run (7.960334ms)
✔ inspector disables unaffordable and exhausted upgrades; inventory cannot upgrade (3.082625ms)
✔ capacity preview does not heal or change wounds on the live run (0.76125ms)
✔ installed chassis shows live trait progress while spare and catalog bodies show only the rule (1.112834ms)
✔ broodmother shows its current drone count once without a redundant active state (0.538666ms)
✔ rare common nerve has no contradictory common label and exposes its real volley upgrade (2.389792ms)
✔ common nerve paid upgrades add ten volley damage points and stop at ten (5.114458ms)
✔ reverse heart paid upgrades add twenty pulse damage points and stop at ten (4.536208ms)
✔ shield ranks improve its starting recharge and paid upgrades remove one second (8.833625ms)
✔ every organ rank changes its displayed core effect (9.061416ms)
✔ all-hand organs do not repeat the installed weapon list (1.070541ms)
✔ catalog inspectors describe every base part without actions or run mutations (8.531667ms)
✔ each item category leads with its useful property, before weight (4.732208ms)
✔ player health and armor item values use only whole or half units (26.208666ms)
✔ ranked leg speed is reflected in the stat without a duplicate explanation (0.121ms)
✔ leg inspectors show current stats without rank formulas (3.089541ms)
✔ spring inspector shows only the current rank cooldown (0.256291ms)
✔ base item properties stay in stats while chassis rules join the ordinary description (6.883083ms)
✔ every weapon omits prose that repeats common numeric characteristics (1.887459ms)
✔ starter pistol shows its critical profile and uses dedicated transparent art (0.325209ms)
✔ armor affix is shown only once in the general description (0.13875ms)
✔ return nerve inspector shows the current rank and chassis damage bonus (2.972167ms)
✔ parasite inspector shows autonomous larva damage and summon interval (2.28175ms)
✔ slime inspector shows equal slowdown for every enemy class at every organ rank (0.5065ms)
✔ slime paid upgrades add two slowdown points, preview exactly and stop at ten (1.735542ms)
✔ parasite paid upgrades add 2.4 damage, preview exactly and stop at ten (2.739125ms)
✔ return nerve paid upgrades preview exact percentages, charge once and stop at ten (3.25625ms)
✔ sky lair renders a technical deck and clouds, without stone islands or overworld event props (1255.694708ms)
✔ larvae retain orientation by entity id when pool order changes, without mutating combat state (10.825083ms)
✔ runtime view bounds larvae at 120 and clears instanced geometry on reset/disposal (4.953334ms)
✔ slime sac pools use the same animated organic impact surface as enemy slime (8.20525ms)
✔ only slow leg ranks add half HP while every leg rank adds 15 percent weight (3.220958ms)
✔ installed legs stack HP, inventory does not; swapping and removing preserve wounds (1.102834ms)
✔ half HP survives damage and healing and is represented in the actual HUD markup (0.763084ms)
✔ speed, health and armor ranks improve their assigned attribute plus universal weight (6.070167ms)
✔ plated ranks I through V grant half a segment per rank without percent bonuses (5.400042ms)
✔ natural and plated half segments each absorb one hit (0.718209ms)
✔ a half segment is visible in HUD and removing a leg does not refill spent armor (0.421291ms)
✔ paid plated upgrades add half a segment, retain speed and stop at ten (2.729541ms)
✔ roots heal after fifteen seconds, retain HP bonus and offer regeneration upgrades (1.257041ms)
✔ ten root upgrades each remove one second, keep speed and HP, and do not heal immediately (1.793125ms)
✔ old root upgrades accelerate regenerator organs; installed roots stack down to half a second (0.341583ms)
✔ a root upgrade adjusts a pending heal and a new hit restarts the timer (0.170708ms)
✔ fourth generated habitat shows level 24 and keeps its fixed budget across seeds (514.605333ms)
✔ level-24 player can beat the fourth habitat with tier-one melee or ranged gear, including a mistake (4128.594875ms)
✔ standing still remains dangerous for level-24 melee and ranged players (370.301917ms)
✔ generated level-four boss uses its own phase-two ring and bounded damage (121.0695ms)
✔ mission and roaming Collector setup keeps its separate damage and timing (1.426417ms)
✔ icon variants reuse the original PBR images and atlas windows within the mobile mesh budget (98.662833ms)
✔ volatile variants are limited to every seventh automatic mass spawn after twelve seconds (2.354375ms)
✔ boomer gives a full warning, damages the hero once, and never harms other enemies (0.846875ms)
✔ walking out avoids blast; freeze pauses fuse and killing disarms it (0.319833ms)
✔ crowds separate deterministically without moving the player, armed enemies or objects (1.366042ms)
✔ three damaging shards retain source, exclude the corpse and cannot split again (0.333625ms)
✔ learned Splinter is connected to real projectile kills without spending extra ammo (12.452292ms)
✔ pending level pauses fuses, and explosion respects ordinary player invulnerability (1.355ms)
✔ temporary player invulnerability has no bright ground ring (1.370125ms)
✔ canvas map translates rendered labels and preserves Russian when switched back (280.515083ms)
✔ atlas player is a dot regardless of body facing (253.969083ms)
✔ atlas fits the real world at mobile and desktop sizes without stretching distances (246.178917ms)
✔ desktop map keeps portrait dialog bounds and never stretches atlas geometry (167.062333ms)
✔ terrain footprint data retains collision geometry and its world position (203.473ms)
✔ map filters retain locked and available public events and never mark secrets (170.482375ms)
✔ selected enemy reflects live aggro state and distance without modifying the run (160.214167ms)
✔ map exposes lying health and armor pickups as a dedicated recovery filter (141.740333ms)
✔ map exposes every lying equipment part from the start as selectable loot (133.661958ms)
✔ both melee hands animate from their own real attack source (6.777042ms)
✔ second-slot melee works alongside a reloading gun and its timing is independent (0.083292ms)
✔ simultaneous hands do not restart each other; pause, removal and restart are clean (0.70075ms)
✔ melee extension retains combat range and claws keep their reduced visual scale (2.560792ms)
✔ claw world aim survives both mounts, pitch, roll and lunge without sideways drift (2.742333ms)
✔ claws use three tapering cuts without a sprite; phase reveals and then clears all particles (0.964292ms)
✔ drill emits bounded contact sparks, soft smoke and debris, never a helix or cone (7.351291ms)
✔ rapid drill damage ticks do not restart the contact animation before its sparks (0.393959ms)
✔ telescopic drill tip reaches the target surface at different body scales and retracts without scaling the head (5.606875ms)
✔ legacy saves migrate and malformed profile currency cannot grant tokens (0.89475ms)
✔ old three-slot preparation rejects hidden leg and second-arm tampering (2.574084ms)
✔ fresh survival preparation defaults to the pistol, offers claws and gates shotgun (0.325125ms)
✔ overrun needs final victory and 30 seconds alive, stakes three victory rerolls and pays six exactly once (1.305708ms)
✔ failed overrun loses only this victory reward; partial spawn keeps the three rerolls (0.393ms)
✔ actual final-boss victory banks three once; defeat and mission bosses do not pay (1.236917ms)
✔ final boss item rerolls cannot spend the offered stake; previous rerolls remain usable (0.8445ms)
✔ two rerolls persist and are consumed only for an active choice without losing level (1.812458ms)
✔ achievement rewards are awarded once and real biome types drive exploration goal (0.931625ms)
✔ mirror responds to shield hits once per 2s, does not block damage or recursively trigger (1.885708ms)
✔ reactor opens 6s attack window then cooldown; normal chassis gets no bonus (1.243667ms)
✔ spring charges through sustained movement and one contact leaps in the movement direction (5.469833ms)
✔ spring refuses blocked and hazardous landings instead of teleporting (0.526958ms)
✔ spring never substitutes a sideways landing when forward is blocked (0.327042ms)
✔ spring uses current motion instead of a stale charged direction (0.300792ms)
✔ spring cooldown scales from ten to five seconds across five ranks (0.689542ms)
✔ held movement cannot pull the camera target beyond the landing during the spring arc (5.138083ms)
✔ harpoon pulls only ordinary enemies and obeys obstacle movement (0.308458ms)
✔ reroll prioritizes unseen eligible abilities and boss options remain distinct (0.599833ms)
✔ reactor integrates with actual kill resolution and stops charging during cooldown (0.594709ms)
✔ starter organs respect their own gates and equip exactly one selected organ (0.459417ms)
✔ metabolism enters level rewards and either fork unlocks the final (4.242625ms)
✔ recycling bonuses add, scale stomach output, preserve refunds and pay only once (2.016041ms)
✔ fully ranked metabolism reaches three hundred percent biomass and seventy-five percent XP (0.18675ms)
✔ first rank gives 7 biomass for a common rank I part and never replaces a stomach (0.136333ms)
✔ XP nodes stack without a stomach and do not change already earned XP (0.37725ms)
✔ small XP pickups conserve fractional bonuses across levels and match bulk rewards (2.043792ms)
✔ ground XP is increased once on collection, not each frame (5.4695ms)
✔ additional boss framing is limited to the living boss of the current mission (3.373291ms)
✔ normal gameplay has a lower three-quarter angle and modest magnification (0.196625ms)
✔ camera eases in, holds on pause, and eases back after boss death (0.987917ms)
✔ reset clears the boss angle; reduced motion applies a static angle without a transition (0.106667ms)
✔ real final-room spawns own distinct metre scales and speeds; survival stays generic (26.651ms)
✔ hunter locks a telegraphed direction, dashes with swept collision and opens a punish window (9.459333ms)
✔ leviathan support destruction slows locomotion and exposes its core without farming loot (2.559042ms)
✔ cathedral stays anchored, drops defence with three roots, aims avoidable ground attacks and fires seeds (120.665667ms)
✔ collector copies ranged and melee loadouts; reflection emits dodgeable capped projectiles (6.051833ms)
✔ shepherd releases real targetable bees, caps the swarm, loses flight and switches to ground claws (93.507458ms)
✔ warnings deal damage only at resolution and can be dodged; freeze cancels release (2.248292ms)
✔ boss death removes children, pending attacks and projectiles; no posthumous damage (20.890208ms)
✔ boss combat keeps spawning bounded monster waves until the boss dies (38.911792ms)
✔ all five bosses execute three distinct attacks in bounded loops and keep fighting in phase two (2438.578333ms)
✔ melee and projectile broad phase hit the surface of a giant boss, not only its centre (2.814042ms)
✔ production hit path applies final-room attack scaling to root strikes and attacking bees (48.747667ms)
✔ destroying the last command node cancels an already prepared swarm before phase two (12.78175ms)
✔ last defender unlocks the gate; the fence shoulders remain solid and cannot be dashed through (34.76425ms)
✔ third-room event keeps its gate closed until resolved, then only the next room can activate (29.284875ms)
✔ all mission environments keep a large-body central route, accessible spawns and themed visible scenery (256.127583ms)
✔ five bosses own five deterministic scenery profiles and distinct boss rooms (10.7945ms)
✔ mission ground treatments and ambient plant palettes stay visually distinct (0.113125ms)
✔ each mission cycles three authored room compositions without mixing landmarks (4.027792ms)
✔ every mission environment model exists in the shipped asset library (9.423625ms)
✔ scrap landmarks use real model collision footprints and keep the centre clear (3.341125ms)
✔ authored gate halves follow simulation state, including reload and survival reset (145.527041ms)
✔ every mission event offers decline and opens a traversable gate without a reward (234.004417ms)
✔ active trials keep Continue; survival events keep Later (271.811167ms)
✔ actual gate GLB keeps geometry and frame textures while leaf material is isolated from the source (95.011959ms)
✔ asynchronous loads cannot resurrect retired world objects or attach to a disposed view (93.14475ms)
✔ failed 3D asset loading is reported instead of claiming a rendered gate (1.269667ms)
✔ room reward appears only after the last defender and stays claimed on return (157.866334ms)
✔ every mission floor changes tactic, recipes and enhancement without rerolling a seed (41.387125ms)
✔ mission identities introduce simple enemies first and all four specialists cumulatively (0.858334ms)
✔ all missions spawn promised roles, flying models and elites through all 24 rooms (2540.702083ms)
✔ retry keeps the current mission while survival returns to preparation (185.255541ms)
✔ the permanent assembly control is not hidden with nearby loot (8.604667ms)
✔ each boss owns exactly one distinct atlas reward (1.2195ms)
✔ preparation keeps three choices and opens only the organ slot after three bosses (0.278417ms)
✔ missions unlock strictly after the preceding mission victory (0.118875ms)
✔ actual boss kills unlock one reward immediately, survive reload and do not repeat (1602.396125ms)
✔ losing an unfinished mission grants no boss unlocks (8.131ms)
✔ closed boss items cannot leak through ordinary, elite, boss or relic loot (29.791042ms)
✔ all five unlocked boss items really occur in survival loot (17.172917ms)
✔ encounter generation, adaptation and claiming respect boss gates (1.243625ms)
✔ legacy victories gain their new reward bundles while existing discoveries remain (0.160666ms)
✔ shared grid edges preserve routes and invalidate when collision snapshots or APIs change (25.790625ms)
✔ mission guide is a gold three dimensional ground arrow with bounded particles (4.778583ms)
✔ wrong-way feedback waits for sustained reverse movement and uses a light sparse pulse (0.822333ms)
✔ all collision outlines match the actual GLB vertices and shared rock geometry (65.04725ms)
✔ every outline edge permits clear space and blocks overlap for both body sizes at four rotations (5.935416ms)
✔ actual player movement passes beside each obstacle type with both chassis sizes (23.052792ms)
✔ both chassis traverse all 25 tiles, safe points and stone recesses across two seeds (3028.146333ms)
✔ indexed biome collisions match exhaustive hulls across tiles, seams, heights and radii (102.163083ms)
✔ rotated offset multi-boxes and circle footprints remain conservative at cell boundaries (36.149125ms)
✔ clearing a world decoration snapshot invalidates the index, and new items rebuild it (0.738833ms)
✔ painted stage keeps new assembly and real combat on the restored terrace (11.436083ms)
✔ movement stays on painted ground at all edges, including large bodies (10.784916ms)
✔ retired painted adapter can still open every mission without inventing old objective nodes (3.426708ms)
✔ enemies can spawn on actual painted ground from center and either end (0.717458ms)
✔ main game activates large world while retaining the legacy presentation adapter (4.103542ms)
✔ loot scattered beyond a painted edge stays reachable without losing its item (1.0975ms)
✔ a fatal instant strike cannot be undone by the thirtieth fang hit in the same frame (9.037583ms)
✔ corrupt profile keys cannot enter the loot pool through inherited object properties (1.059791ms)
✔ failed profile writes retain session unlocks and report failure until a successful retry (0.221375ms)
✔ screen culling keeps the index-zero enemy and friendly projectile (0.506417ms)
✔ all visible equipment fits at every rotation and narrow or wide preview aspect (6.623959ms)
✔ round silhouettes fill the width without the empty corners of their bounding box (1.25975ms)
✔ equipment comparison carries ability HP and wounds while isolating the live run (6.717792ms)
✔ equipment descriptions expose real purchase price after a rank changes (0.922125ms)
✔ organic bodies preserve 3D flight and afterglow across bounded pool reuse without mutating shared glass (6.702791ms)
✔ active shots remain fully visible to range; stopped bodies fade before their stationary traces (0.073167ms)
✔ removed shots leave bounded frozen view copies without extending damage or rocket explosions (0.184083ms)
✔ returning shots and recycled ids do not produce overlapping afterglows (0.405ms)
✔ instance alpha preserves material shader hooks and is independent per slot; resized pools restore opaque slots (2.954666ms)
✔ every hostile layer fades together and slots return to full opacity when reused (11.133917ms)
✔ harpoon cable, ricochet bee body, wings and engine share expiry opacity (52.668292ms)
✔ summon shot fades without altering role marker geometry or simulation lifetime (35.562417ms)
✔ trail shader cache separates geometry bounds so shell and cone gradients cannot alias (0.5985ms)
✔ melee controller baits a volatile fuse then retreats beyond its real blast (76.068667ms)
✔ one race on survival map, complete obstacle route to far side, identical budget across builds (4009.083625ms)
✔ fast build finishes the route after a short stop while the slow build times out (3267.933958ms)
✔ race keeps survival clock and normal waves paused; its packs spawn once and navigation cannot replace finish (228.440541ms)
✔ arrival requires live creature, reachability and deadline; reward is claimed once at finish (685.704166ms)
✔ incomplete routes are unavailable, and race auto-equips nearby gear into free slots (230.915625ms)
✔ only elite deaths roll once; ordinary enemies and objectives drop no recovery (2.922083ms)
✔ elite recovery distribution uses the raised thirty-percent budget (2.163458ms)
✔ armor repairs spent plates once and never grants unequipped armor (0.819375ms)
✔ red health pickup heals through the actual simulation and stays at full HP (7.038125ms)
✔ range, floors, occlusion, healing suppression and death prevent collection (0.418291ms)
✔ consumables expire on combat time and land on the world surface (0.224792ms)
✔ view shows distinct shapes and removes picked up objects and resets (2.374542ms)
✔ regeneration HUD follows the real 15 second health timer (3.920375ms)
✔ regeneration HUD uses upgraded 10 second timing and damage resets it (0.429875ms)
✔ regeneration HUD stays inactive at full or zero health (0.289125ms)
✔ the three-bee presentation formation has distinct lanes without moving gameplay shots (1.213ms)
✔ rocket projectiles reuse a batched mechanical bee model (78.398333ms)
✔ melee ricochet uses one centered half-size bee (38.934958ms)
✔ wing beat and banking animate normally but remain stable in reduced motion (44.722916ms)
✔ rocket exhaust has a hot attached flame and pooled lingering smoke (7.416667ms)
✔ reduced motion keeps the readable flame but suppresses smoke emission (1.104625ms)
✔ all exhaust effects use fixed-capacity instanced pools (1.604333ms)
✔ rocket blast creates a bounded layered 3D explosion from only its own event (16.424625ms)
✔ reduced motion preserves the readable blast silhouette with fewer moving pieces (2.858667ms)
✔ rocket bees never expire or hit terrain; they patrol and acquire a later target (38.288417ms)
✔ patrolling bees reserve different new targets when enough are available (3.920291ms)
✔ four disposable drones share the entire arm DPS budget of fifteen (34.300917ms)
✔ rocket damage multiplies ordinary weapon bonuses by swarm skill and equipment bonuses (1.134042ms)
✔ one rocket splash applies swarm boss damage once, only to elite and boss targets (16.143458ms)
✔ clearing the first pack in the real game loop brings reinforcements within 0.6s (9.797167ms)
✔ continuous clears receive growing packs throughout 45 seconds, then spawning ends (11.844708ms)
✔ pressure grows with enemies still alive, remains capped and does not bank a spawn backlog (1.596416ms)
✔ reinforcements use the central area, preserve tier health and retry obstructed spawns (0.397375ms)
✔ actual survival arenas keep spawning across seeds and all three tiers (1317.909041ms)
✔ ordinary survival spawns retain the every-30th elite promotion (0.308083ms)
✔ sealed reward requires 45 active seconds through the game loop at 20 FPS (91.903917ms)
✔ sealed reward requires 45 active seconds through the game loop at 30 FPS (83.243542ms)
✔ sealed reward requires 45 active seconds through the game loop at 60 FPS (103.908792ms)
✔ sealed reward requires 45 active seconds through the game loop at 120 FPS (185.737375ms)
✔ a dead player cannot complete the sealed timer or receive its reward (0.228375ms)
✔ survival places nine or ten reachable secrets with variety and deterministic positions (11909.692708ms)
✔ new model registrations point to self-contained GLBs with textured geometry (8.330375ms)
✔ secret GLBs retain their materials without highlights, signals or rings in any state (2.902042ms)
✔ passing secrets never reveals them or their map and world markers; opening still exposes the reward action (0.427333ms)
✔ every base catalog part is common; rarity is an affixed loot variation (3.134625ms)
✔ 80th normal kill and eighth received reward guarantees are independent (0.38725ms)
✔ quality probability rows sum to100; relic gate and fifth boss pity (0.223125ms)
✔ boss offers share quality, block simulation and award exactly one; no replay (0.680334ms)
✔ set bonuses count categories, not duplicate limbs; remove category disables bonus (0.204084ms)
✔ active Broodmother set reports both set bonuses separately from equipment (0.162208ms)
✔ legacy parts keep rank and modifier; generated affixes have one stat; weight is real (0.210166ms)
✔ active set and affix effects reach weight, range, reload and healing settings (0.437125ms)
✔ direct hit bonuses obey cooldown, range and secondary exclusion (0.271875ms)
✔ ground reward advances quality counter only once when received (0.237167ms)
✔ 10000 normal-drop intervals match truncated-geometric expectation (8.942667ms)
✔ fifth exact duplicate prefers another available type and metadata survives cloning (0.394458ms)
✔ every set unlocks by distinct categories at 2 and 3, with no extra threshold at 4 (15.031542ms)
✔ new passive bonuses reach movement, damage, health, armor and reload without equipment weight discounts (1.217291ms)
✔ Hunter counts emitted volleys, keeps one multiplier for all pellets and excludes secondary hits (2.624958ms)
✔ Hunter consumes missed volleys and preserves its count through an equipment toggle (0.891625ms)
✔ Chimera cross buffs refresh independently, expire on combat time, never stack or prime from secondaries (0.296792ms)
✔ Bastion supplies a separate charge without a shield organ and uses it before armor (0.482417ms)
✔ Bastion cooldown survives removal, re-equipping, and additional mission time (0.222708ms)
✔ Rootwalker heals independently in combat and does not speed up organ regeneration (0.35525ms)
✔ Rootwalker does not bank heals or revive the dead and respects healing suppression (0.165042ms)
✔ Rootwalker maximum health cannot be farmed by repeatedly equipping its second category (0.686166ms)
✔ Hecaton refills all magazines after three different arm attacks without resetting attack cooldowns (0.559167ms)
✔ Reactor releases once per attack, respects walls, room boundaries and radius, and uses secondary damage (2.209667ms)
✔ Wanderer pulse attracts only reachable existing experience after its first full interval (0.849667ms)
✔ Broodmother creates its own companion without body, Colony or swarm equipment and preserves replacement cooldown (1.764625ms)
✔ Broodmother interception boosts the entire swarm and pending summons for four seconds without stacking (0.7755ms)
✔ v1 save state is ignored, UI and item previews do not modify live set timers (4.685417ms)
✔ Soul cards retain both thresholds, label missing categories and never display 4 / 3 (28.922709ms)
✔ shield damage, knockback and impact effects occur at full extension, once (4.601125ms)
✔ one shield contact damages and marks three clustered targets in its impact area (1.443917ms)
✔ shield windup cannot hit a removed, dead, out-of-range or occluded target (1.117791ms)
✔ shotgun v2 is registered and keeps the original equipment wear textures (25.626125ms)
✔ shared shotgun UI art uses the new transparent model render (10.446625ms)
✔ shotgun uses a short flash, soft smoke and sparse sparks without generic energy particles (1.090583ms)
✔ shotgun effect pools remain bounded, reduced motion clears them and reset disposes live instances (3.151917ms)
✔ shotgun kick snaps back quickly and settles independently from reload (0.340792ms)
✔ same seed produces same world sequence (1.1275ms)
✔ drag dead zone and diagonal speed cap (0.131833ms)
✔ hero cannot leave painted terrace (0.086834ms)
✔ terrace margins keep every clamped sample on traversable ground (3.722083ms)
✔ weapons produce different target sets and ignore dead enemies (0.60525ms)
✔ restart does not share mutable state (0.220166ms)
✔ every catalog part exposes at most one upgrade parameter (1.933292ms)
✔ wrong parameters are rejected without spending resources or modifying parts (0.520167ms)
✔ capacity grows through ten ranks without adding weight or health (1.125334ms)
✔ leg speed and weapon damage improve without increasing armor or attack rate (0.461375ms)
✔ element visuals follow successful rolls and preserve elevation (4.104334ms)
✔ revive and movement trigger once; no lightning visual without a target (0.80525ms)
✔ effect pool is bounded, pause preserves age, reset clears all visuals (9.534291ms)
✔ persistent status follows current targets, stops spawning on expiry and stays within budget (3.685875ms)
✔ persistent fire becomes denser with accumulated burn stacks (1.628208ms)
✔ body fire follows a moving elevated target between emissions and clears on death (1.439666ms)
✔ real extra shots and echo report actual direction without extra gameplay RNG (3.767667ms)
✔ volatile uses shared flame and smoke buffers, respects elevation, pause and cleanup (2.070166ms)
✔ volatile pressure pop covers the damage radius within .12 seconds and remains low (2.857209ms)
✔ all new ability VFX use bounded pools, merge bursts, and retain reduced-motion cues (2.887167ms)
✔ Soul omits summon statistics when no helpers are available (2.551959ms)
✔ Soul adds summon statistics to the common table for the full build (0.642166ms)
✔ Soul shows helpers unlocked by Colony on another body (0.2195ms)
✔ Soul shows a missing destroyed interceptor until its replacement is summoned (0.154417ms)
✔ spring review exercises a real safe spring contact from a fresh run (3.496ms)
✔ spring leap draws a progressive arc and returns an airborne hero pose (2.308875ms)
✔ reduced motion resolves the visual leap without retaining VFX (1.230833ms)
✔ rank-I sustained weapon DPS matches the stabilization table (5.7505ms)
✔ Broodmother full build combines five chassis helpers, three from Colony and one from the set (75.85ms)
✔ active helpers ignore contact damage and consume only hostile projectiles (20.754083ms)
✔ damage contract uses half armor and HP-only invulnerability (1.256667ms)
✔ dungeon and horde schedules are level- and time-gated as specified (0.518792ms)
✔ dungeon presentation is a connected corridor graph with a distinct theme and no rooms (4.530083ms)
✔ both survival dungeons spawn all elites immediately, pause time and keep one best-of-two item per elite (558.518167ms)
✔ new settings default to High/60 and enabled 30 percent audio while preserving old values (0.168875ms)
✔ Russian child transmission plays at the effects level and ducks music (1.681542ms)
✔ muted sessions stay silent while English sessions select English dialogue (0.133709ms)
✔ switching from English to Russian replaces a paused line before it resumes (0.174291ms)
✔ every story cue ships Russian and English voice files (1.724125ms)
✔ the approved Qwen cast covers every cue with stable character voices (94.308333ms)
✔ assembly pauses both tracks and continues their positions without creating a new transmission (0.20375ms)
✔ a completed transmission is not replayed by an assembly round trip (0.101916ms)
✔ radio bed is louder and short signal losses raise the interference (0.143125ms)
✔ mission revelations unlock in order without invalidating earlier facts (2.444458ms)
✔ the final mission adds the child answer only after the boss reaches half health (0.117166ms)
✔ every mission has a complete causal chain through early, middle, boss and half-health beats (0.741167ms)
✔ director queues each reached cue once and defers while a choice screen is pending (1.539375ms)
✔ survival waits for play, then reveals the Mother and the counterargument (0.481666ms)
✔ each boss keeps a distinct processed voice profile (0.207625ms)
✔ a disabled director leaves a manually shown review cue untouched (0.1825ms)
✔ discoveries queue the source first, then an optional private thought, once (0.252334ms)
✔ the zero-context exchange belongs to the first mission and never Survival (0.197ms)
✔ each mission hides two contradictory physical clues in optional rooms (2.456625ms)
✔ mission evidence becomes a highlighted ground object only once (0.218375ms)
✔ found evidence uses a silent compact cue followed by the Soul reasoning from it (0.111125ms)
✔ new clues, reflections and boss memory traces have English coverage (20.606375ms)
✔ survival has a long complementary archive without repeating mission records (0.58725ms)
✔ each survival run places the next uncollected record and discoveries persist (581.062584ms)
✔ the survival record is discoverable as loot on the biome map (168.329292ms)
✔ journal shows heard dialogue, evidence, and thoughts directly in its cards (1.412917ms)
✔ old saves retain journal data and development starts with five branches (0.22575ms)
✔ completed missions backfill their radio chronology for older saves (0.255875ms)
✔ journal preserves conversations and inserts evidence where it was found instead of sorting by id (0.208375ms)
✔ the relocated first-mission introduction remains visible after scoped delivery (0.102417ms)
✔ assembly suspends the current line and its remaining timer without replaying or requeuing it (3.35325ms)
✔ an untimed preview remains untimed after returning and a dismissed line never resumes (0.233334ms)
✔ a voiced line advances when its audio ends instead of cutting a slow performance at the text timer (1.279875ms)
✔ map and level choice keep story audio continuous (0.070625ms)
✔ silent visual review keeps a cue open without starting audio (0.227542ms)
✔ swarm equipment has dedicated transparent inventory icons and GLBs (20.818042ms)
✔ swarm equipment integrates rank, paid upgrades and strongest duplicate caps (17.507459ms)
✔ old swarm-leg movement upgrades retain their investment as summon rate (0.483042ms)
✔ drone arm attacks autonomously through the shared swarm, with no hero shots (9.326333ms)
✔ Colony and arm drones are additional to the five Broodmother companions (2.210917ms)
✔ broodmother maintains one drone source per chassis rank (0.900042ms)
✔ an equipped drone recovers after a room jump and retains its damage and identity (5.780042ms)
✔ unmodified rank-I arm drone sustains fifteen DPS after reaching its target (14.721584ms)
✔ drone arm acquires targets within ten metres without range bonuses from swarm legs (0.53575ms)
✔ womb produces two larvae every two seconds without attacks or deaths (1.06575ms)
✔ summon rate accelerates womb production and swarm damage affects the larva hit (0.431542ms)
✔ womb ranks, independent timers and old infection removal (9.21975ms)
✔ Hive uses the same timed production and no longer responds to deaths (1.423ms)
✔ five authored acts expose exact flow, caps, signatures and a hard cap of 88 (1.218459ms)
✔ minute cadence spends exactly 10, 65, 23 and 2 percent without changing its total (0.178625ms)
✔ warmup, phase and hard caps discard spawn credit instead of banking debt (1.646416ms)
✔ minute accents own 45 percent and unavailable early roles fall back to mass (0.692709ms)
✔ scheduled and promoted wave elites share growing quotas and do not refill killed elites (0.716208ms)
✔ the first three wave elites retain reduced health and the first assault elite deals half damage (0.357167ms)
✔ five offers contain build, defense and synergy progress and remain seeded (6.871125ms)
✔ a build ability missing from four offer rounds is forced on the fifth (0.236209ms)
✔ last level choice grants protection and pushes only ordinary nearby enemies (0.7415ms)
✔ superboss pressure and reward relief use quarter flow, half cap and bounded credit (1.170292ms)
✔ old profiles need no migration for transient director and offer state (0.209709ms)
✔ roaming bosses start at minute seven and never overlap a living invader (6.982541ms)
✔ roaming boss schedule ends after the fifth boss at minute thirty-five (1.119583ms)
✔ event, overrun and mission modes defer the boss; failed placement never consumes an interval (0.568042ms)
✔ all boss footprints fit real survival terrain and fixed habitats remain intact (553.636958ms)
✔ real event entry pauses waves, elite schedule and survival clock; success and failure resume spawning (37.480709ms)
✔ the first two minutes keep at most a six-enemy mass trickle before the first assault (3.072958ms)
✔ third minute starts the assault; every 35-second lull keeps a sparse trickle (0.767042ms)
✔ first opening horde and stream fill at most 20 slots from all quadrants (2.568416ms)
✔ opening hordes and elites stop in the lull while isolated mass creatures continue (1.247083ms)
✔ boss relief cancels an opening instead of releasing its remainder afterwards (0.262667ms)
✔ superboss quarter flow also applies to opening hordes and the shared half cap (0.421834ms)
✔ blocked placement, full slots, dungeons and last stands cannot bank a late horde (0.962125ms)
✔ exploration recycles only distant ordinary wave enemies without rewards (0.287ms)
✔ moving fronts favor the route ahead while preserving safe distance and collision checks (0.361208ms)
✔ late combined wave spawners stop at the gradual 104-enemy cap and cannot add an extra scheduled elite (11.086417ms)
✔ production simulation keeps a moving player surrounded by a bounded crowd (140.404625ms)
✔ survival landmarks use exported collision hulls and do not leak into missions (88.327375ms)
✔ survival terrain reveals broad relief, uses physics heights and keeps cross routes level (66.809417ms)
✔ each survival starts with its introductory boss selected and localized objective (772.004875ms)
✔ Hunter belongs to the timed special wave and never replaces the introductory boss (118.553833ms)
✔ objective ends only when the introductory boss dies and does not replace manual waypoints (160.851208ms)
✔ missions keep their own status and have no automatic survival waypoint (1.588917ms)
✔ an interceptor is destroyed and its source summons a new drone at the attack interval (8.553542ms)
✔ a kamikaze rocket intercepts a hostile projectile and performs its normal blast (2.562333ms)
✔ flies to the target before striking, retreats, and never fires remotely (1.4955ms)
✔ dead or out-of-leash targets are abandoned and bees return without teleporting (1.464209ms)
✔ occluded enemies are not acquired or hit (0.858292ms)
✔ separate bees prefer different available enemies (0.291083ms)
✔ a companion trapped behind cover returns to its owner and resumes attacking (1.02875ms)
✔ a distant companion is recalled without a remote hit or losing its weapon state (0.388666ms)
✔ bee models follow elevated companions, reset, and release their scene (72.15825ms)
✔ two whole lives; simultaneous contacts and protected hits do not charge armor (4.080458ms)
✔ armor plates are spent before health and never recharge from hits (1.572125ms)
✔ shield transfer retains recharge and cannot be refilled by swapping (0.797292ms)
✔ capacity upgrades and body changes preserve wounds including clipped overflow (1.596209ms)
✔ regen heals one segment each 15 seconds; fatal hit is never healed in the same tick (0.788458ms)
✔ fangs heal after their rank-based hit count without a separate cooldown (0.477667ms)
✔ revival is once per run, not once per equipment instance (0.208083ms)
✔ five vitality ranks grant five plates plus natural armor and five-segment regeneration while revival stays one-use (0.231041ms)
✔ 60 unique nodes, finals unlock through either path, siblings stay available (0.206459ms)
✔ five unique offers across seeds and depleted catalogue include valid fallback skills (24.456ms)
✔ every unique ability stores five ranks and fires five extra bullets while legacy arrays remain compatible (2.190167ms)
✔ projectile ranks add projectiles while combined penalties keep every shot above the twenty-percent floor (3.915542ms)
✔ hypertrophy follows the half-step rank curve for damage and attack speed (0.200333ms)
✔ projectile requirements depend on installed weapons, learned powers persist (0.202291ms)
✔ elemental skills support both melee and ranged weapons (1.930958ms)
✔ claw lightning reaches an enemy surface and emits visible electric damage (0.964791ms)
✔ XP queue pauses simulation and card API remains valid across consecutive selections (4.581541ms)
✔ ignite chance grows from fifteen to forty-five percent and burn stacks expire independently (0.805542ms)
✔ wildfire copies every active burn stack and adds it to existing fire (0.196292ms)
✔ cold caps bosses and secondary damage cannot recurse (0.1615ms)
✔ crystallization reaches two seconds at its third and final rank (0.11725ms)
✔ extra projectiles use current weapon and repeats do not consume ammo or count attacks (0.32775ms)
✔ attacking symbiont gains damage without inventing a guardian and obeys pause (0.62375ms)
✔ symbiont bite damage stays fixed while colony rank changes companion count (0.269666ms)
✔ waves use time only and capped spawn credit never accumulates a debt (0.303125ms)
✔ same seeds yield identical choices and waves independent of learned power (0.282708ms)
✔ restart clears learned powers, shield and armor counters without changing permanent profile (0.118208ms)
✔ new rank bonuses cannot be farmed by repeatedly installing a low-health body (0.282458ms)
✔ fallback selection still spends exactly one pending level (0.392209ms)
✔ short melee hands can hit the surface of large bosses without entering their body (0.277834ms)
✔ stale incompatible offer rejects atomically without consuming an earned choice (0.146334ms)
✔ final boss is scheduled at forty minutes even when an earlier boss survives (0.102375ms)
✔ late XP pacing keeps thresholds increasing and preserves overflow across the curve joins (0.674417ms)
✔ five fixed reachable bosses are visible immediately and do not hunt from across map (178.47525ms)
✔ all five habitats occupy separated map areas across world seeds (808.895584ms)
✔ production boss AI stays home, fights locally and cancels attacks to return without healing (323.481458ms)
✔ a minute of the real survival simulation leaves distant habitat bosses in their own areas (163.6265ms)
✔ elite engages, disengages, returns and can be fought again without healing (99.968ms)
✔ simulation actually returns an elite across flat tile boundaries (163.2525ms)
✔ public encounters are visible from level one but entry requires their level (99.893ms)
✔ elite schedule depends only on time and habitat bosses do not duplicate (98.418458ms)
✔ half of live wave elites leave their map territory to hunt the player (0.450333ms)
✔ an allowed automatic elite joins the wave pursuit split (0.217125ms)
✔ one user action chooses its result over click and navigation; next action stays independent (2.934417ms)
✔ equipment previews stay silent; successful body/organ and limb/weapon mutations use the selected materials (2.692375ms)
✔ failed upgrade reports denial, successful upgrade confirms, and zero-valued success is not failure (0.371375ms)
✔ UI feedback respects opt-in, effects volume, and independent music setting (0.181083ms)
✔ shipped closing is exactly the opening PCM reversed; all chosen UI files contain non-silent mono PCM (13.308708ms)
✔ master sound switch is opt-in, persists, and preserves channel levels (0.648417ms)
✔ equipment preview compares actual weapon values without equipping in the live run (2.062333ms)
✔ corrupt settings recover and unavailable storage still applies session settings (0.706625ms)
✔ comparison distinguishes lower damage from faster attacks (0.706459ms)
✔ external link button uses safe new-tab attributes (0.278125ms)
✔ all achievements, weapons and missions survive reload without touching normal saves (1.8415ms)
✔ unlocked profile preserves ordinary initial resources, equipment, abilities and combat stats (335.151417ms)
✔ every unlocked mission uses its ordinary starting state and simulation (1526.187542ms)
✔ map elites remain independent during warmup, exhausted wave quota, rest and relief (2.852458ms)
✔ warmup never promotes wave mobs, so the first assault starts with one weak elite (0.365208ms)
✔ successive waves issue exactly 1, 2, 3, 4, 5, 6 elites even when every enemy dies immediately (21.64125ms)
✔ surviving elites occupy next-wave slots and cannot stack beyond its quota (19.285709ms)
✔ direct wave promotions and scheduled requests cannot bypass the quota after a kill (0.556ms)
✔ blocked placement does not spend the first elite and no wave elite appears during relief (0.215417ms)
✔ map clicks invert world projection in both zooms and multiple aspect ratios (181.688292ms)
✔ point waypoint survives map presentation, rejects invalid terrain, belongs only to run (256.837ms)
✔ enemy marker tracks a moving enemy and expires when killed; completed encounter expires (100.542ms)
✔ recovery waypoint follows a lying pickup and clears after collection (122.472375ms)
✔ ground equipment waypoint follows a lying part and clears after pickup (135.730542ms)
✔ bearing matches actual orthographic camera projection and pixel aspect (0.58625ms)
✔ one compass prioritizes the map selection and otherwise tracks only the first boss (0.157833ms)
✔ all weapons obey damage and melee critical chance without extra range (10.529ms)
✔ combo fourth hit only; target, time, weapon and secondary boundaries (1.145875ms)
✔ frenzy accelerates only melee for four seconds and does not stack (0.874333ms)
✔ reload speed applies to every charged weapon; full salvo remains ranged-only (2.22975ms)
✔ actual attack consumes charged salvo once and direct melee kills trigger frenzy (5.538417ms)
✔ equipment controls specialization offers without permanently locking a branch (3.179792ms)
✔ reworked skills retain IDs and preserve projectile effects (0.896542ms)
✔ remaining critical chance and multiplier affect actual melee and arc damage (1.633083ms)
✔ preparation includes gated candidates but only unlocked weapons are selectable (9.0875ms)
✔ pistol kill threshold carries between runs, unlocks the shotgun once and is recoverable from the achievement (4.121834ms)
✔ machine gun counts 60 player kills and excludes objectives, summoned children and environment deaths (1.049083ms)
✔ actual pistol projectile resolution owns the kill, not the equipped off-hand (10.815ms)
✔ legacy unlocked weapons survive migration; malformed new counters cannot bypass gates (0.233125ms)
✔ load curve matches requested percentages and scales with capacity (0.645041ms)
✔ survival movement applies the load curve and stops at full capacity (1075.1915ms)
✔ dropping weight or upgrading capacity immediately restores movement (217.01525ms)
✔ whip is one tapered deforming cable, not a static swipe or particle fan (19.584708ms)
✔ whip crack reaches the target surface on both mounts, with body scale and arm rotation (4.131125ms)
✔ whip impact fires once, respects reduced motion and disposes all private geometry (0.673083ms)
✔ wildfire converging through 100 deaths preserves unique ignitions and expiry (26.372ms)
✔ stress fixture keeps a mobile four-weapon loadout and suppresses scheduled superboss (1.678708ms)
✔ mission world is a 25-room northbound corridor with its own environment (7.612833ms)
✔ mission corridor has fixed screen-width sides and cannot scroll into lateral space (6.387875ms)
✔ a floor gate opens only after every enemy in that room is defeated (20.794792ms)
✔ entering the next mission room closes the previous gate and prevents return (18.767875ms)
✔ the first mission room keeps its budget while survival begins with only the five boss habitats (178.282416ms)
✔ mission defenders enter in formation from the far north edge and run into the room (89.009375ms)
✔ far-edge mission entry lanes stay walkable in every room and environment (100.7945ms)
✔ every next mission room compounds enemy health by seven percent while attack stays fixed (15.616083ms)
✔ mission ranged projectiles keep base damage and their room tag (1.67125ms)
✔ A star and enemy movement go around an obstacle using the same footprint (2.53675ms)
✔ quick equip prefers empty compatible socket and rejects duplicate actions atomically (1.258875ms)
✔ legacy ranged enemy fires immediately and recovery blocks a repeat (0.812458ms)
✔ mission gates are simulation barriers, not destructible objective enemies (6.008833ms)
✔ new survival run keeps only melee and does not auto-grant spawn loot (338.61625ms)
✔ every mission and survival start without a digestion organ (100.02825ms)
✔ each mission starts at the south edge of its first themed room (1.58125ms)
✔ ranged enemy below its stopping distance navigates around an obstacle without entering it (14.301583ms)
✔ failed path search observes its retry interval instead of searching every frame (0.24975ms)
✔ mission room enemies spawn on real walkable ground across seeds (1350.027708ms)
ℹ tests 1068
ℹ suites 0
ℹ pass 1068
ℹ fail 0
ℹ cancelled 0
ℹ skipped 0
ℹ todo 0
ℹ duration_ms 19413.919125
