
> bioso-visual-prototype@0.2.0 test
> node --import ./scripts/register-test-loader.mjs --test tests/*.test.mjs

✔ neural acceleration stacks per arm and target, caps, and resets after two seconds (1.870458ms)
✔ ballistic growth snapshots a bounded distance multiplier for the whole volley (0.282083ms)
✔ rupture starts on a primary critical and buffs only subsequent primary hits (0.221167ms)
✔ impulse refunds one cooldown portion per original critical attack (0.293708ms)
✔ neural web arcs once from an original volley and never recurses from secondary damage (0.809042ms)
✔ ricochet branches scale damage, targets, and wounded-target critical chance (0.241875ms)
✔ counter shell charges on shield, armor, and health outcomes and is consumed by one melee attack (0.330542ms)
✔ guardian intercepts the nearest hostile projectile in radius on a six-second cooldown (0.262708ms)
✔ spore brood plants every fifth bite, caps at twelve, then explodes once without attack counters (0.40825ms)
✔ overgrowth counts earlier biomass spending and stops at twenty-five percent (0.196208ms)
✔ overgrowth ranks cap the five biomass thresholds at fifty percent (0.089458ms)
✔ cryo trail starts after two moving seconds, refreshes slow without freeze charges, and expires (0.154958ms)
✔ mechanical abilities gain real strength through all five levels (0.464875ms)
✔ branch final unlocks with either upgrade, never merely previewing (1.687541ms)
✔ synergy shows its own two prerequisite finals and requires both (0.211291ms)
✔ read-only synergy uses the approved spine without an invented root or learn action (0.281042ms)
✔ all ability icons resolve to a deployed path; repeatable boosts have no invented tree (0.620875ms)
✔ ballistic growth shows the effective bonus for the displayed rank (0.398ms)
✔ choice descriptions show the effective value and compare upgrades (0.295791ms)
✔ ability descriptions show rank changes except deliberate plateau ranks (15.275833ms)
✔ binary mechanics stop at one rank while large discrete effects stop at three (0.237916ms)
✔ current descriptions expose runtime caps and rank-driven mechanics (0.136875ms)
✔ 36 distinct cards include two weapon unlocks, 12 token goals and the legacy mirror alias (0.738875ms)
✔ pioneer never combines separate runs or counts duplicate events and secrets (3.937084ms)
✔ exactly one token is awarded across save/load and subsequent runs (0.770333ms)
✔ secrets accumulate unique opened types across runs, not discovery alone (0.296084ms)
✔ failed/skipped mission events never award; successful history survives retired nodes (0.197583ms)
✔ recycling counts successful digestion once and starts fresh each run (2.838791ms)
✔ set requires three categories and excludes Reactor; mutation families persist (0.565541ms)
✔ final branches, synergy and per-part upgrades require actual thresholds (0.281834ms)
✔ legacy completions gain no fabricated dates or repeated rewards (0.193084ms)
✔ malformed saved progress cannot overflow conditions or crash tracking (0.271125ms)
✔ the game simulation awards a learned final branch without an explicit tracker call (4.047208ms)
✔ every achievement has generated art or its canonical reward icon and fully translated copy (13.651ms)
✔ acid puddles are pooled, elevated and enlarged by mire without changing gameplay data (2.068833ms)
✔ every part kind rolls distinct affixes by rarity, reproducibly and with variation (8.002042ms)
✔ all generated properties change their actual target statistics (0.553583ms)
✔ inventory bonuses are inactive and equip cycles preserve rolled properties (0.557667ms)
✔ pillar blocks its visible base but permits the formerly invisible perimeter (0.695833ms)
✔ biome movement and visibility share the fitted architecture footprint (2.267833ms)
✔ legacy obstacles without model metadata retain circular collisions (0.090084ms)
✔ player can walk beside current architecture while walking through its base stays blocked (4.703959ms)
✔ rounding along a tangent does not create a barrier absent from pathfinding (0.136583ms)
✔ every body and additional arm bonus obey the four-arm maximum (2.983417ms)
✔ altar at four arms rejects atomically without charging health or consuming the encounter (0.372542ms)
✔ swapping a legacy six-arm loadout preserves excess weapons in inventory (0.368458ms)
✔ removed arm deal rejects even below the arm limit without spending health (0.180625ms)
✔ shield, two plates, then health; healing does not repair armor but armor plates do over time (2.940333ms)
✔ equipment removal and reinstallation cannot refill consumed plates (0.804375ms)
✔ armor repair cycle is not reset by hits and repair gland restores one without adding capacity (0.399833ms)
✔ armor plate ranks add half a plate while repair gland ranks only shorten repair time (0.891042ms)
✔ HUD keeps health cells after a plate is lost and distinguishes shield recharge (0.303667ms)
✔ armor remains bounded by living cells after a capacity change and critical HP is never repaired by armor (0.161959ms)
✔ two hits remove the two halves of one plate while preserving underlying health (0.15825ms)
✔ shield perimeter tracks elapsed recharge time and remains complete when ready (0.158209ms)
✔ asset URLs preserve query strings, fragments, surrounding HTML and unknown resources (0.640042ms)
✔ build transform resolves dynamic templates, concatenations, nested HTML and static values (2.647208ms)
✔ size gate allows over 100 MB and enforces the itch.io extracted limit (0.207666ms)
✔ Vite rewrites URLs inside nested CSS imports, including custom properties (214.396875ms)
✔ atlas coordinates and logos retain original dimensions; icons fit the mobile budget (16.926125ms)
prune: Removed types... Accessor (2)
✔ Meshopt retains vertex attributes, winding and node transforms; data maps are untouched (16.842875ms)
✔ asset template wrapping preserves compact keyword boundaries in ability art (0.3655ms)
✔ runtime library contains valid GLBs and equipment references resolve (228.394125ms)
✔ fitting leaves cached geometry unchanged and places a limb under its socket (3.004709ms)
✔ starter pistol resolves to a dedicated articulated arm model (2.24375ms)
✔ nine generated GLBs have valid containers, geometry and expected socket (9.335625ms)
✔ nearby rewards move to inventory exactly once during simulation (6.761ms)
✔ automatic pickup respects radius and vertical distance (0.778375ms)
✔ manually discarded part waits until the player leaves and returns (1.317167ms)
✔ pickup accepts multiple parts without silently discarding overweight rewards (0.404542ms)
✔ music waits for a gesture and repeated gestures keep a single looping voice (3.127959ms)
✔ mute and hidden tab stop playback; resume retains position without overlapping voices (1.723709ms)
✔ loading while hidden stays silent and failed loads can retry on the next gesture (2.371167ms)
✔ a new profile starts with enabled 30 percent audio and saved settings remain compatible (0.24125ms)
✔ playlist advances in order, wraps, and resumes without skipping a track (2.477459ms)
✔ a pending next track remains silent while hidden and after disposal (1.021167ms)
✔ Technology keeps the same voice across menu, atlas and ordinary gameplay (4.298125ms)
✔ switching playlists ignores stale loads without clearing the current pending request (2.032708ms)
✔ Touch follows engaged bosses, including mission and final bosses, with menu priority (7.867042ms)
✔ loaded track crossfades for 0.8 seconds; loading never cuts the old track (1.87625ms)
✔ rapid switches ramp from the current level; mute stops all fading voices (1.268041ms)
✔ cancelling a pending boss track preserves the audible voice and ignores its late load (0.782167ms)
✔ an old track ending during loading does not advance the incoming playlist (1.134334ms)
✔ default music is a quiet background and boss boost is relative, smooth and reversible (2.30175ms)
✔ boss boost respects mute and changed user volume, including 100 percent (0.779958ms)
✔ story speech ducks either gameplay playlist and restores its previous intensity (1.332959ms)
✔ recycling depends on rarity and rank equally for every kind of part (2.312333ms)
✔ two common parts fund exactly one first upgrade; later improvements cost more (0.686625ms)
✔ only half actual investment returns, and organ bonuses never multiply that refund (0.388792ms)
✔ module validation compares authored port height with the actual surface (216.93125ms)
✔ module validation rejects a missing biome (229.242917ms)
✔ airborne hero can be hit at its real height and is missed by a lower projectile (436.496333ms)
✔ a decoration volume blocks hostile fire before it reaches the hero (206.150334ms)
✔ thickets block movement and fire, while narrow passages fit both body sizes (1484.13625ms)
✔ stone recess remains enterable and all surrounding safe points have a route (1209.284875ms)
✔ 100 seeds: all four biomes, twelve modules, four transitions, connected ground and seams (44051.707333ms)
✔ streaming retains bounded residency, failed loads can retry, obsolete loads release (2.857667ms)
✔ a full ring route preserves run state and loot on return (281.595208ms)
✔ stream retry reloads the same failed tile; crossing is held until ready (140.585417ms)
✔ HUD updates consume changes once and a new run establishes a fresh baseline (1.176792ms)
✔ either reduced-motion preference suppresses JS feedback and screen animations (0.139458ms)
✔ repeat feedback cancels only the previous pulse, preserving unrelated animation (0.074125ms)
✔ bursts reuse fixed storage; low and reduced motion limit decoration immediately (5.364542ms)
✔ pause freezes particles, expiry clears them and restart has no stale effects (0.554875ms)
✔ weapon colors are distinct and arcs connect elevated world endpoints (0.144375ms)
✔ player hit pours varied directional green droplets that fall and settle without allocating beyond the pool (0.326458ms)
✔ enemy death creates a small radial burst of yellow droplets (0.119709ms)
✔ hit VFX review loops the real player-hit event without spawning combatants (0.132583ms)
✔ Three view keeps two pooled draw objects and releases both materials and geometries (11.991125ms)
✔ survival result fixture works without a mission object (178.901833ms)
✔ each melee weapon has a distinct trajectory, with a shield thrust and drill rotation (2.263334ms)
✔ projectiles differ in silhouette and trail length, independent of simulation stats (0.908708ms)
✔ melee effects have different spatial patterns and expire in fixed storage (0.566542ms)
✔ bulk and rated capacity slow turning; backpack load does not (3.687083ms)
✔ turning takes the shortest arc, is bounded and independent of timestep (0.38475ms)
✔ each mount owns its side; rear targets and empty opposite mounts cannot bypass it (0.208125ms)
✔ blocked attacks spend no ammo or attack proc and resume after the body turns (5.067084ms)
✔ shield splash crosses the centreline after a valid strike, but repeats cannot originate across the body (0.696417ms)
✔ body health grows independently with rank and rarity for every chassis (12.238125ms)
✔ swapping high quality bodies preserves wounds through repeated swaps (0.865541ms)
✔ body swap eligibility includes rank and rarity after health deals (0.28825ms)
✔ structural size follows mounts and carrying capacity without changing with backpack contents (1.59175ms)
✔ current world retains passages that admit the starter and block a large frame (38.623958ms)
✔ a larger body cannot be equipped into a gap it cannot occupy; smaller bodies remain swappable (40.15025ms)
✔ organ slots grow with rank and rarity, with a strict tradeoff for armed bodies (1.884ms)
✔ eight-slot body equips the final slot and moving to four arms preserves surplus organs (1.806583ms)
✔ altar cannot sell an organ slot beyond the global cap (0.267916ms)
✔ event slots exceed the many-arm natural cap and persist across body swaps (0.753833ms)
✔ each chassis exposes one signature condition without universal slot bonuses (2.432458ms)
✔ wanderer needs both installed legs for its movement multiplier (0.790166ms)
✔ hunter needs three installed arms and boosts only ranged damage (0.432625ms)
✔ bastion requires four installed organs rather than four available or empty slots (0.138084ms)
✔ chimera needs four mixed arms and boosts every arm only while mixed (0.31075ms)
✔ rootwalker gains two max health with four legs and preserves wounds when toggled (0.465958ms)
✔ hecaton needs four installed arms for twenty percent attack speed (0.184375ms)
✔ organ booster scales projectile speed, attack rate, regeneration and biomass but not refunds (0.37325ms)
✔ slime snapshots on attack and larvae snapshot organ power when summoned (0.707584ms)
✔ shield recharge and armor capacity use boosted organs without extra HP (0.489042ms)
✔ reverse heart impulse uses boosted power without recursively creating pulses (1.803542ms)
✔ shipped bosses contain connected hip/knee/foot chains; rest pose preserves every joint (96.43925ms)
✔ two-bone solution preserves segment lengths for near, far and degenerate targets (0.112917ms)
✔ walking has alternating lifted feet and visible knee articulation; planted feet stay level (103.568333ms)
✔ each boss animates its authored skill organs during preparation and release (74.698541ms)
✔ animation does not mutate combat, disabled supports stay hidden, reduced motion retains cast signal (15.039333ms)
✔ pause and freeze hold every articulated joint; resume does not jump the walking clock (76.533917ms)
✔ dash overrides stale attack release and mirror gets its own looping pose (0.10125ms)
✔ real shipped geometry stays above the floor through skill impact and dash (134.476833ms)
✔ all mission design IDs resolve to bounded, textured production GLBs (5.723875ms)
✔ fitting preserves proportions, facing and floor origin without changing the template (1.471083ms)
✔ loading uses fallback, swaps exactly once, animates only from movement, respects pause, and resets (7.658ms)
✔ failed GLB loads retain the regular renderer and late loads cannot resurrect disposed bosses (0.882667ms)
✔ controlled build fixtures match cost, chassis, defence, weapons and improvement count (12.333958ms)
✔ damage diagnostics count applied damage without overkill or double-counting dead enemies (1.724167ms)
✔ same seed and style reproduce all comparison metrics (138.535209ms)
✔ many enemies share bounded path work when a bush hides an unreachable goal (14.419417ms)
✔ incremental routes still let enemies pass a bush without crossing it (0.951625ms)
✔ flying enemies cross thickets directly while ground navigation remains solid (0.305167ms)
✔ enemy path searches continue on challenge combat time while survival time is paused (1.306209ms)
✔ hero hit camera shake is brief, bounded and settles at the exact origin (1.241542ms)
✔ reduced motion suppresses hero hit camera shake (0.055292ms)
✔ every atlas item has a reachable in-game unlock source (1.311542ms)
✔ every survival reward names its complete survival-only condition (6.644417ms)
✔ all former multi-item boss rewards keep explicit deterministic unlocks (0.0885ms)
✔ survival milestones really unlock their complete configured catalogue set (3.895791ms)
✔ approved gunshot covers pistol, seed, shotgun and needle; selected melee and harpoon use their own recordings (3.857292ms)
✔ shield waits for contact, rocket waits for explosion, and arc links do not stack a full sound per target (0.801042ms)
✔ repeated unlocks load every chosen file once; mute blocks all selected effects (0.701417ms)
✔ fast drills renew the owning motor; all new effects have a bounded voice count (1.227917ms)
✔ master mute blocks loading and playback, and mutes already playing shots (0.818583ms)
✔ simultaneous guns are audible independently, with a bounded voice count (0.94625ms)
✔ eight rounds start a committed reload; no shots until magazine restored (11.630708ms)
✔ shotgun spends one of two charges on five 5.25-damage pellets and reloads in two seconds (1.379291ms)
✔ machine gun uses strong line spread that grows through the burst (0.299334ms)
✔ partial magazine reloads after combat and idle never spends rounds (8.107875ms)
✔ independent magazines do not block other guns or claws (1.527125ms)
✔ melee charges are spent and restored independently without slowing movement (1.6845ms)
✔ unequip/equip cannot refill a magazine or cancel its timer; pauses freeze both (0.5445ms)
✔ shooting slows walking once, reload restores it, releasing input stops immediately (7.533334ms)
✔ rocket launch slows only its firing frame; flying bees do not keep the player slow (1.109291ms)
✔ diagonal motion is normalized and regular bullets do not home after emission (0.762125ms)
✔ needle still sweeps through close targets between simulation frames (1.03175ms)
✔ hit knockback is damped, bounded by collision and weaker on bosses (0.233208ms)
✔ shot cadence stays within one shot at 30, 60 and 120 Hz (40.295083ms)
✔ HUD uses real ammo and reload time without mutating the weapon (0.613542ms)
✔ disabled guns stop firing and release movement immediately without refilling ammo (2.99ms)
✔ disabled synchronized weapon cannot block the enabled gun or fire an echo (1.133833ms)
✔ distant, occluded and out-of-arc targets do not slow walking (0.56275ms)
✔ weapons engage at their effective range, including melee body radius (1.023083ms)
✔ shot creates a full readable recoil with exponential recovery (1.668459ms)
✔ pistol arm cycles its slide and breech through a distinct attack pose (0.238708ms)
✔ impact color and squash decay, reload readout follows actual timer (0.73125ms)
✔ a normal enemy is pushed backwards despite continuing pursuit; impulse is capped (5.185375ms)
✔ ordinary deaths drop once, elites/bosses/objectives do not drop orbs (2.528875ms)
✔ all eleven weighted outcomes are reachable without advancing combat RNG (4.469708ms)
✔ eligible rolls yield about one percent and biomass dominates (9.52ms)
✔ mass kills cannot bypass the twelve-second combat-time interval (1.374083ms)
✔ six natural drops block more until a pickup or expiry frees room (1.376917ms)
✔ failed placement does not spend cooldown and a fresh run has no cooldown (0.153ms)
✔ biomass is collected exactly once through the game step (3.902709ms)
✔ collection respects distance, floors, walls, expiry, cap and death (0.344916ms)
✔ one-use shield blocks before organ armor and expires without stacking (0.509417ms)
✔ map and compass follow consumables and remove collected targets (0.2865ms)
✔ phase lasts two combat seconds including challenge time (0.193334ms)
✔ attraction gathers distant XP and consumables without collecting equipment (0.123208ms)
✔ recharge refills installed weapons and clears reload/cooldown (0.116416ms)
✔ sleep stops ordinary enemies and ends on damage, never sleeping elites (1.495125ms)
✔ impulse preserves newly spawned drops and pushes only ordinary enemies (0.224625ms)
✔ parasites deal secondary damage and stop at their deadline (0.178416ms)
✔ mark amplifies damage for eight seconds and remains on ground without a target (0.136959ms)
✔ beacon distracts reachable normal pursuers and expires (0.088958ms)
✔ revival charges stack, are spent before the equipped revive and never revive a dead run (0.329791ms)
✔ view shares fixed batches, renders every hue and resets/disposes resources (14.724667ms)
✔ primary CTAs are green-filled and last in horizontal action rows (4.699833ms)
✔ damage event reports armor-adjusted HP loss including lethal hits, without duplicate dead hits (5.090333ms)
✔ weapon crit roll reaches damage presentation without changing damage math (2.022292ms)
✔ damage review visibly loops through a real three-target shield impact (13.248833ms)
✔ numbers expire, pause, aggregate DoT, respect reduced motion and cap crowds (0.584375ms)
✔ a lethal hit delays results, separates actual equipped parts and freezes gameplay (23.673292ms)
✔ pause preserves the death pose and reduced motion still reaches a readable fallen state (1.594334ms)
✔ nonlethal hits, revival and mission failure do not disassemble a living creature (0.316292ms)
✔ loaded body/head and varied limb assemblies keep shared materials and late loads out of debris (4.126125ms)
✔ digestion quote leaves inventory untouched and matches the actual reward once (2.072875ms)
✔ stomach must still be installed when confirming (0.218125ms)
✔ equipped arms, legs and organs recycle atomically with the quoted refund and no healing (1.253333ms)
✔ ground loot cannot be recycled by current or legacy calls (0.133875ms)
✔ current body, bound arm and sole stomach remain protected; another stomach permits recycling one (0.236709ms)
✔ successful dodge leaves a bounded turquoise hero afterimage for 0.15 seconds (1.96075ms)
✔ reflex organ and Mobility ranks share one bounded dodge stat (2.154541ms)
✔ a dodge consumes no health, armor, shield or hit invulnerability (1.082875ms)
✔ repeatable health skill grants one maximum-health segment per rank (0.274292ms)
✔ discard installed or stored items once, preserve identity, and allow pickup (2.871667ms)
✔ ground meshes use shared part and highlight batches, then clear on reset (4.594875ms)
✔ a physical story clue reuses an existing item model and highlight treatment (0.435042ms)
✔ walking over a story clue records it without adding equipment (0.227708ms)
✔ a guardian trophy exposes its memory trace in item details (0.367292ms)
✔ roots: largest body traverses every branch both ways and backs away from edges (764.2185ms)
✔ roots: mission scenery leaves the full central lane clear (498.4925ms)
✔ catacombs: largest body traverses every branch both ways and backs away from edges (743.042709ms)
✔ catacombs: mission scenery leaves the full central lane clear (379.610666ms)
✔ roots: real map entry, frozen survival timer, exit and resume preserve enemies (518.903166ms)
✔ roots: clear produces one real item per elite and completes on exit (489.9325ms)
✔ catacombs: real map entry, frozen survival timer, exit and resume preserve enemies (432.558958ms)
✔ catacombs: clear produces one real item per elite and completes on exit (443.997708ms)
✔ dungeon render readiness releases the frame loop and permits a walking round trip (5709.89275ms)
✔ inner right-angle turns become a smooth, walkable fillet (24.198333ms)
✔ dungeon_roots: floor and cliff share a closed contour matching movement (1060.582083ms)
✔ dungeon_catacombs: floor and cliff share a closed contour matching movement (919.600709ms)
✔ two mirrorGland organs equip, replace and remove independently (3.348334ms)
✔ two reflexNerve organs equip, replace and remove independently (0.67425ms)
✔ two returnNerve organs equip, replace and remove independently (0.759708ms)
✔ two slime organs equip, replace and remove independently (0.403917ms)
✔ two parasite organs equip, replace and remove independently (1.427375ms)
✔ two commonNerve organs equip, replace and remove independently (0.4225ms)
✔ two reverseHeart organs equip, replace and remove independently (0.3325ms)
✔ two regen organs equip, replace and remove independently (0.367916ms)
✔ two shield organs equip, replace and remove independently (0.40075ms)
✔ two armor organs equip, replace and remove independently (0.426875ms)
✔ two repairGland organs equip, replace and remove independently (0.343833ms)
✔ two broodNode organs equip, replace and remove independently (1.520125ms)
✔ two stabilizer organs equip, replace and remove independently (5.429125ms)
✔ two digestion organs equip, replace and remove independently (0.814708ms)
✔ two accelerator organs equip, replace and remove independently (0.286834ms)
✔ ground quick equip accepts a second identical organ exactly once and body swap preserves both (0.586333ms)
✔ duplicate passive organs add their full numeric effects except stomachs (0.303708ms)
✔ duplicate slime snapshots on attack while wombs produce independently (0.703958ms)
✔ parasite organs preserve each rank damage in automatic broods (0.313417ms)
✔ duplicate common nerves, reverse hearts and mirror glands multiply their attacks (1.658417ms)
✔ duplicate shields charge and block independently with a visible charge count (0.597417ms)
✔ elite keeps both fifteen-percent speed increases over an ordinary mass unit (2.048292ms)
✔ melee elite closes distance through sustained seed knockback (17.035167ms)
✔ every three eligible elites include a shooter, acid caster and fighter, including automatic promotions (7.703541ms)
✔ elite variety is deterministic and ordinary spawns cannot consume its rotation (2.774958ms)
✔ elite seed alternates its shot with a telegraphed acid attack at range (0.805583ms)
✔ elite needle alternates its shot with a telegraphed acid attack at range (0.337166ms)
✔ acid elite alternates a dodgeable pool with a direct needle shot (0.804ms)
✔ the elite secondary attack stays cancellable while frozen or occluded (0.225917ms)
✔ survival encounters vary by seed, spread across tiles with no more than two objects each, and remain reachable (17365.805917ms)
✔ enemy acid leaves a two-second pool that slows on entry and deals half HP per exposed second (10.120833ms)
✔ dodging the acid impact avoids its pool until the player enters it later (1.052542ms)
✔ overlapping enemy acid pools share one damage clock (0.468042ms)
✔ mission room strength scales acid pool damage (0.258041ms)
✔ 20 unique recipes and five bosses fit shared catalog slots and capacity, including elite upgrades (0.976625ms)
✔ all 20 recipes keep distinct visible assemblies while bosses stay distinct (2.700208ms)
✔ each enemy type owns one fixed body silhouette (8.573916ms)
✔ enemy part recipes preserve equipment while the renderer supplies chassis connections (2.717334ms)
✔ every thirtieth survival spawn is promoted to an elite (0.955709ms)
✔ only time unlocks recipes and tiers, at exact boundaries (0.983458ms)
✔ assembly uses its own deterministic stream without consuming RNG, item or entity IDs (0.755541ms)
✔ opening assemblies require two ordinary starter claw hits but a critical hit can kill (3.825666ms)
✔ actual early spawns keep whole HP and survive one noncritical hit (0.510542ms)
✔ phase budgets are applied once and explicit mission spawning stays legacy (1.46825ms)
✔ ordinary direct melee has no separate attack and body contact deals half damage (3.975709ms)
✔ ordinary melee damage begins only when silhouettes touch (0.741458ms)
✔ ordinary enemies keep their direct attacks while survival bosses teach two moves, then unlock a third (1.585125ms)
✔ freeze cancels warning, pause preserves it, death prevents a strike, return cancels attacks (0.428583ms)
✔ sector sides, fixed acid circle and vertical separation match warning geometry (0.228083ms)
✔ needle uses its speed and swept collision without hitting twice (0.332041ms)
✔ 100 creatures remain modular even with no GLB loader; pools reset cleanly (7.732125ms)
✔ loaded detail geometry is shared by instances, not cloned per enemy (20.792667ms)
✔ a warned strike and body contact share invulnerability (7.209083ms)
✔ loaded wing animation stays faithful with a bounded cache over twenty minutes (244.005792ms)
✔ body contact deals half damage and sustained overlap respects the one-second cooldown (4.943083ms)
✔ ordinary and elite direct strikes release immediately while their large areas wind up (10.242625ms)
✔ every survival boss move has a readable wind-up pose (3.3605ms)
✔ warned area contact pose coincides with its resolution without an animation restart (1.165625ms)
✔ weapon poses are distinct and independent of render rate; frozen/dead enemies stop (1.187333ms)
✔ reduced motion retains readable attacks while suppressing the drill spin (0.107666ms)
✔ instant claw contact keeps its horizontal aim and returns without barrel spin (5.002458ms)
✔ animated instances reuse the same geometry and pools throughout the full attack (18.59125ms)
✔ elite and boss modular attack recovery is three and two times faster (9.581792ms)
✔ attack telegraphs keep their readable duration when recovery accelerates (0.746916ms)
✔ authored mission bosses use the same two-times recovery multiplier (1.248792ms)
✔ enemy contacts are batched, ground-aligned and controlled by the high-quality gate (2.251708ms)
✔ enemy contact capacity is hard bounded (0.600209ms)
✔ lethal damage publishes the visual snapshot before simulation removes the enemy (3.213667ms)
✔ enemy separates into moving parts and leaves no corpse or permanent stain (2.69ms)
✔ death aftermath has a hard cap and reduced motion still shows separated parts (1.835291ms)
✔ hostile projectile styles have three non-red weapon silhouettes and a legacy fallback (0.741292ms)
✔ hostile projectile view aligns full 3D trajectories and reuses bounded pools (17.94675ms)
✔ sculpted seed and boss shells have outward normals and smaller needles retain all proportions (4.901125ms)
✔ shield-bearer reduces the frontal 120 degree sector by exactly 80 percent and leaves its rear open (2.895709ms)
✔ shield-bearer holds between rams whose impacts are five seconds apart (0.53225ms)
✔ mirrorling turns one player projectile into a hostile shot and observes its cooldown (0.329333ms)
✔ puppeteer keeps releasing visible pairs while alive and replenishes losses (1.750542ms)
✔ puppeteer workers visibly assemble from separate equipment before becoming whole (1.645875ms)
✔ divider splits once into two smaller rewardless attackers (0.943083ms)
✔ all four specialists use fixed authored bodies and attack-ready visual parts (0.762792ms)
✔ bosses telegraph their authored moves while an ordinary shooter still fires immediately (3.503875ms)
✔ bee crosses ground crowd and damages the player only by touching (4.77975ms)
✔ minute signatures enter actual spawn requests (0.706291ms)
✔ volatile stat adjustment happens once (0.123333ms)
✔ authored burst budget emits the same wave count in survival and missions (0.665542ms)
✔ ordinary shooter fires immediately once and recovery blocks a repeat (0.250042ms)
✔ enemy acid warning stays subtle until an organic impact surface grows from the strike (4.109ms)
✔ a projectile ring uses a circular telegraph instead of a misleading aim line (0.984125ms)
✔ 3D borders use their biome models and keep entire fitted models outside gameplay (43.39575ms)
✔ dense edge forms a raised barrier without changing the playable height (0.89925ms)
✔ outer ground covers corners once; no coplanar overlaps or legacy image strips (1.06875ms)
✔ scrapyard keeps the front fence and rocks but omits redundant rear junk walls (1.425ms)
✔ all mission pockets are deterministic, bounded, leave a clear central route and do not change collision (15.699791ms)
✔ survival pockets avoid cross-cell routes and safe points (5.442375ms)
✔ grass tufts are real bent low-poly geometry with no texture dependency (1.53725ms)
✔ all five mission identities also exist in the mixed survival map (15.184125ms)
✔ new environment module collisions match normalized Blender exports (107.878042ms)
✔ five side reliefs are distinct, central mission combat and seams remain flat (0.715916ms)
✔ terrain vertices use the same height source as collision and preserve portals (22.553375ms)
✔ each of five survival families owns all three modules, including a full nursery set (6.822041ms)
✔ material weights agree on both sides of every edge, including corners (5.676542ms)
✔ the active shared ground path preserves baked direct lighting and binds the new atlas (0.779708ms)
✔ neighbor lightmaps feather reciprocal forest shadows across tile seams (0.461583ms)
✔ ten distinct shipped props, two reference silhouettes per family, with collision bounds (14.17075ms)
✔ survival gets companion props without changing authored Forest lightmap placements (1.544666ms)
✔ shared metal wear retains vertex AO without loading another texture (0.622208ms)
✔ small 3D fragments stay outside central combat clearance and use one batch (16.524125ms)
✔ shadow projections use actual obstacle height, not a generic size multiplier (0.854042ms)
✔ root forest mission reuses the sculpted ceramic arch with matching collision (3.495125ms)
✔ all five cells have different weather; weights are continuous on boundaries (2.302292ms)
✔ survival weather blends over time, holds on pause and resets for a new world (2.219125ms)
✔ weather anticipates a boundary and stays continuous when crossing back and forth (4.023958ms)
✔ each mission retains its own weather at the entrance, gates and final room (12.926833ms)
✔ weather reuses lights, bounds particles and honours pause/reduced motion (5.861292ms)
✔ late-session weather changes integrate particle velocity without trajectory jumps (53.37ms)
✔ ground repeat sampling uses continuous windows and unwrapped mip gradients (0.196ms)
✔ body identity follows its inventory icon even with a saved legacy visual or another set (0.583792ms)
✔ every catalog item has a nonempty real GLB, distinct weapons, legs and organs (1622.702625ms)
✔ real attachments fit every chassis, weapon, leg and additional six-leg configuration (5106.616334ms)
✔ removing slots does not recenter remaining limbs, delayed loads cannot revive retired models (2.780584ms)
✔ every chassis visual variant remains connected through turns, recoil and melee extension (127.82425ms)
✔ the authored body silhouettes retain horizontal, broad and upright proportions (0.740375ms)
✔ new nursery items cannot shift the existing icon atlas coordinates (2.998208ms)
✔ body wear reuses joint textures without enabling missing vertex colors on bearings (0.081625ms)
✔ every socket belongs to one equipment slot, empty sockets are closed and occupied drives start there (17.101333ms)
✔ mixed root and normal legs average speed, swapping and removing immediately recompute (2.579417ms)
✔ every chassis supports independently typed legs and sparse slots preserve physical identity (8.135042ms)
✔ internal organs retain mechanical effects without exterior model placeholders (4.697209ms)
✔ new weapon models are distinct; legacy hammer remains a functional shield bash (1.956208ms)
✔ root unlock remains available to profiles that already earned the old five minute reward (0.385542ms)
✔ real GLB legs stay above ground and extend outwards on either side (256.877333ms)
✔ ordinary event labels appear only at interaction distance from the building (1.440583ms)
✔ active challenge progress keeps its wider visibility range (0.078792ms)
✔ survival has nine secrets and three sequential tiers for each trial (2.385166ms)
✔ time cannot unlock late trials before their level (0.335667ms)
✔ approaching a secret gives no map marker, prompt, discovery or signal; opening enables local reward (1.746291ms)
✔ higher-tier trials scale enemy health, pursuer count and granted item tier (1.038458ms)
✔ altar charges one max HP once and applies only its bonus (2.49525ms)
✔ altar_organs charges one max HP once and applies only its bonus (0.494875ms)
✔ altar_speed charges one max HP once and applies only its bonus (0.332167ms)
✔ altar_armor charges one max HP once and applies only its bonus (0.350833ms)
✔ altar_capacity charges one max HP once and applies only its bonus (0.276917ms)
✔ fusion rejects last HP and cross-operation offers atomically (0.214333ms)
✔ infection counts time in the expanded area, pauses outside, and rewards survival with pursuers alive (0.471959ms)
✔ final challenge never scales down for an early arrival and leaves mission tuning alone (4.282042ms)
✔ Mother remains identifiable from spawn, focuses a live waypoint, and clears on victory (425.108875ms)
✔ Mother teaches two telegraphed patterns, then unlocks a third attack below sixty percent (3.342ms)
✔ prepared level 30 builds can win a sustained duel with spacing; standing still loses (1587.601625ms)
✔ finished real gate uses the shared ceramic texture and greenery moves with each leaf (100.686666ms)
✔ interaction highlight preserves custom gate shaders and restores their materials on disposal (96.313792ms)
✔ lair event loads the finished gate and late loads cannot resurrect a removed entrance (577.716708ms)
✔ intro boss takes 8–11 seconds with one unupgraded starter claw (37.24125ms)
✔ first boss guarantees digestion every run and unlocks real recycling/upgrading (1.840875ms)
✔ boss and elite bars face camera, shrink and disappear after death/reset (1.957125ms)
✔ first boss funds one real upgrade through pickup, equip and two digestions, only once (4.277833ms)
✔ playable survival has continuous sculpted ground, filled gaps and no jump links (462.180292ms)
✔ continuous survival boundary stops the hero without falling or damage (389.901208ms)
✔ sculpted landscape fills all cells and former cutouts with connected ground (316.583334ms)
✔ all biome entry points ignore the retired terrain option and generate continuous sculpted ground (416.403084ms)
✔ every map edge blocks both body sizes without terrain damage (405.385541ms)
✔ stale vertical state is grounded without applying damage or a jump (410.819584ms)
✔ combat scatters life and requires five active quiet seconds; pause cannot advance recovery (0.693958ms)
✔ decoration governor is sustained, budget-aware and one-way across quality changes (0.222791ms)
✔ ambient pools obey tiers, player proximity, combat density, reduced motion and reset (1.781083ms)
✔ new installs default to 60, saved choices survive and menus throttle (0.140083ms)
✔ forest surrounds only external edges and leaves playable ground and internal seams clear (9.846958ms)
✔ detail shells share a batch with aligned atlas rects and rigid architecture (3.168625ms)
✔ forest leaf sprays have bounded geometry and atlas-safe UVs (4.264125ms)
✔ foliage shares wind state and rejects the explicit black source before depth writes (1.543625ms)
✔ forest ground replacement stays in the existing ground shader (0.160917ms)
✔ baked visibility affects direct sunlight only, preserving ambient fill (1.45175ms)
✔ outer forest breaks the tree row without intruding into playable ground (4.278042ms)
✔ legacy forest shader does not depend on authored tile lighting (0.164667ms)
✔ reused material atlas projects continuously while retaining vertex AO (0.537542ms)
✔ every authored forest placement and its static lightmap are seed-independent (24.013292ms)
✔ composed forest covers the entire perimeter once and never covers playable ground (23.527417ms)
✔ corner tessellation shares exactly the same source UV across both joints (1.643042ms)
✔ Forest world keeps all large-body targets reachable across seeds and variants (4748.984792ms)
✔ Blender boulder collision silhouette matches the actual exported mesh (6.332834ms)
✔ arch piers are solid but their rotated central opening fits the large body (0.37225ms)
✔ Forest runtime uses instanced volume meshes, not environment shell images (23.600458ms)
✔ tree variants have distinct proportions and the root bank has no tall needle (16.7935ms)
✔ catalog contains all current bodies, weapons and organs (1.3275ms)
✔ baseline is one melee arm, vacant second mount, two legs and active Wanderer speed (1.979875ms)
✔ four arms fire in one tick and retain independent timers (2.444917ms)
✔ body shrink preserves selected limbs, old body, soul, enhancements and missing health segments (2.615542ms)
✔ invalid duplicate body selections are atomic (0.239709ms)
✔ overload prevents movement but allows attack; thrown item persists and can return (7.799708ms)
✔ body weight is spare-only and Hecaton no longer discounts individual arms (0.718958ms)
✔ missing legs scale mobility and Rootwalker trades its health bonus at four installed legs (0.418042ms)
✔ shield cannot be refilled by un/re-equipping or swapping bodies (6.164416ms)
✔ each item rank adds 15 percent weight while power and capacity retain their own scaling (0.443542ms)
✔ individual upgrades follow item; learned abilities affect replacement arms (0.610541ms)
✔ biomass cost, limits and actual-spend refund; no self digestion or distant digestion (0.617917ms)
✔ rank ten enforced and insufficient biomass is atomic (0.52975ms)
✔ loot tier boundaries redistribute mass without out-of-range levels (0.085708ms)
✔ multiple earned levels resolve one choice each and block combat until selected (0.83475ms)
✔ all twelve attacks cause damage with distinct projectile handling (140.947375ms)
✔ pistol arm has five rounds, a slower cadence and a 30 percent double-damage critical (4.324834ms)
✔ needle pierces three enemies, rocket assigns distinct available targets, chain drops off (5.42775ms)
✔ living ricochet redirects a real shot and launches a melee fragment (10.36525ms)
✔ rocket bees fly slowly, show their damage and strongly scatter a small area (13.117333ms)
✔ rocket hive is intentionally the heaviest weapon (0.096875ms)
✔ acid pools from same arm do not stack, other arms do (0.423333ms)
✔ fangs do not heal on every hit, drill ignores half armor, projectile stabilizer does not affect ray intervals (0.386083ms)
✔ enemy scaling is time driven and spawns outside hero footprint (0.125167ms)
✔ elite loot chance, boss reward, unlock award and persistence stay coherent (1.226791ms)
✔ final boss on minute forty yields decision and continuation (1.612292ms)
✔ all five missions clear 25 escalating rooms, end with boss plus elite and award their catalogue (689.251625ms)
✔ mission events block every third-room gate and alternate sacrifices with combat trials (204.283917ms)
✔ mission altar costs health and circle reward appears only after holding it (29.47725ms)
✔ missions have no timeout and do not alter the survival world contract (527.304125ms)
✔ procedural chunks deterministic and connected corridors fit largest creature (57.404584ms)
✔ death and fresh runs reset soul, inventory and biomass while keeping catalog (0.203292ms)
✔ domain entry points preserve simulation API identity (1.143792ms)
✔ event detail illustrations reuse matching achievement scenes (0.099042ms)
✔ world modules retain opened shells and distinguish active, reward and exhausted states (4.378292ms)
✔ nursery, slab and organic cache use volumetric modules and keep reward states (1.016791ms)
✔ existing event models replace placeholders, and late loads cannot revive retired scenes (2.589833ms)
✔ simultaneous event discoveries announce together once instead of overwriting notices (0.252584ms)
✔ contact patch follows the player and conforms to sloped ground (1.596ms)
✔ scales with body, softens in air and hides outside the world (0.25075ms)
✔ hero melee weapons start at the body edge and keep their 30% reach increase (3.442875ms)
✔ larger bodies add their full hull radius to melee range without changing ranged weapons (0.278917ms)
✔ hero claws hit beyond their former attack range (1.801625ms)
✔ Rootwalker melee damage lands beyond its hull instead of inside it (0.314166ms)
✔ HUD describes real starting arms without changing the run (2.53225ms)
✔ HUD preserves four slots, vacant mount, item tier and numeric upgrade rank (0.526375ms)
✔ HUD derives independent cooldown fractions and clamps the indicators (0.397708ms)
✔ game loads the shared component presentation and keeps gameplay anchors (6.996375ms)
✔ HUD and screens share canonical item art; historical preview remains independent (2.727167ms)
✔ HUD exposes persistent assembly, map and weapon toggle instructions (4.32325ms)
✔ physical creature exposes exactly the equipped arms and legs, including four-arm body (6.435208ms)
✔ equipped limbs retain independent pivots inside a continuous mechanical chassis (1.103ms)
✔ all eleven pickups have English and Russian names, details and compact notices (15.665958ms)
✔ new and existing profiles default to English without losing other settings (0.175292ms)
✔ language survives reload and remains effective when storage is unavailable (0.1865ms)
✔ dynamic stats, units and longest phrases translate without changing values (0.0815ms)
✔ production copy has English coverage, including catalog data and template fragments (132.464709ms)
✔ highlight animates deterministically, respects reduced motion, restores shared material and disposes once (3.263792ms)
✔ event highlight follows availability, distance and outcome without changing simulation state (2.181292ms)
✔ new inventory badge counts collected items that remain in inventory (2.46925ms)
✔ items removed before assembly do not remain in the badge count (0.437041ms)
✔ a viewed item does not become new again after drop and pickup (0.237958ms)
✔ chosen boss reward is new inventory (0.505792ms)
✔ distinct equipped family types activate together, inventory and duplicates do not count (3.738958ms)
✔ switching equipment disables mutation without resetting combat counters (0.995333ms)
✔ new behavior organs have only meaningful upgrades and describe compatible hands (1.274792ms)
✔ all-hand organs do not render compatibility lists (0.143667ms)
✔ parasite no longer infects from hand attacks or repeats (0.511833ms)
✔ death leaves slime but neither old infection nor larva kills reproduce (1.046791ms)
✔ slime pools slow every enemy class equally without damaging, infecting or extending corpse slime (0.209ms)
✔ slime slowdown scales five points by rank and two points per upgrade, then snapshots on hit (7.831833ms)
✔ expired clutch never spawns, persistent shots retain organ snapshots (0.411583ms)
✔ timed parasite larvae scale by rank and upgrades and snapshot chassis power (12.519375ms)
✔ return damage scales from 10 to 50 percent by organ rank and snapshots chassis power without refunding ammo (391.325834ms)
✔ common nerve holds faster hands while rank and upgrades improve its coordinated volley (0.746375ms)
✔ conductor emits three targets with electric bonus and plasma, preserves cooldown across removal (0.47975ms)
✔ mire buffs once in overlapping enlarged acid and slime pools, deactivates immediately (0.151208ms)
✔ health trades persist slots and missing health across body swaps and reject lethal trades (0.434791ms)
✔ fused hand cannot be replaced or left behind during body swap and stays bound after a boss (0.899291ms)
✔ reverse heart responds only to actual heal while rank and upgrades improve its impulse (0.383833ms)
✔ all encounters are deterministic and placed on walkable ground across seeds (14140.121167ms)
✔ painted adapter also places exactly seven reachable encounters with the shared sealed radius (0.510917ms)
✔ reward choice is atomic, seeded, one time, gives slab biomass and unlocks selected key (0.159666ms)
✔ acid secret opens on projectile impact, incompatible hands never open it (1.382583ms)
✔ challenge gates reject early start, bosses, a second challenge and pending choices (0.3655ms)
✔ challenge freezes run and mission clocks, waves and XP pause freezes every clock (1.958375ms)
✔ infection disables healing inside, accumulates only inside and completes once (0.212167ms)
✔ sealed area contains player until both timer and enemies complete; hunt failure leaves elite alive (0.904458ms)
✔ discovered challenge adapts a reward to incomplete family once without UI rerolls (0.089666ms)
✔ rare pool remains available in fresh profile and excludes rare organs from ordinary pool (0.217917ms)
✔ secondary pools are bounded and retired death infections do not spawn larvae (0.321459ms)
✔ multiple mutations coexist and replacing an organ with a duplicate updates family membership (0.160166ms)
✔ health deal price cannot be erased by body comparison and replacing a bound slot is rejected there too (0.237917ms)
✔ health recovery, burn, echo and shields continue on combat time while mission progress is paused (0.63075ms)
✔ electrical ability and conductor lightning can wake a secret without an arc hand (0.580458ms)
✔ all secret tools open their matching objects and each reward is claimed once (1.510125ms)
✔ enemy death creates experience orb; set radius attracts it but does not collect equipment (31.328125ms)
✔ random pickup property activates only when installed and attracts actual orbs (2.18825ms)
✔ displayed reload and regeneration use applied affixes, sets and legs (5.999417ms)
✔ installed body inspector includes event-granted organ mounts (2.549625ms)
✔ preview matches paid upgrade without mutating the live run (4.417834ms)
✔ inspector disables unaffordable and exhausted upgrades; inventory cannot upgrade (1.70775ms)
✔ capacity preview does not heal or change wounds on the live run (0.601334ms)
✔ installed chassis shows live trait progress while spare and catalog bodies show only the rule (1.109166ms)
✔ rare common nerve has no contradictory common label and exposes its real volley upgrade (1.159917ms)
✔ common nerve paid upgrades add ten volley damage points and stop at ten (8.276125ms)
✔ reverse heart paid upgrades add twenty pulse damage points and stop at ten (5.527334ms)
✔ shield ranks improve its starting recharge and paid upgrades remove one second (4.202791ms)
✔ every organ rank changes its displayed core effect (7.070417ms)
✔ all-hand organs do not repeat the installed weapon list (0.275375ms)
✔ catalog inspectors describe every base part without actions or run mutations (7.989166ms)
✔ each item category leads with its useful property, before weight (5.227209ms)
✔ player health and armor item values use only whole or half units (32.035583ms)
✔ ranked leg speed is reflected in the stat without a duplicate explanation (0.125584ms)
✔ leg inspectors show current stats without rank formulas (2.887125ms)
✔ base item properties stay in stats while the copy slot is reserved for rarity bonuses (6.021458ms)
✔ every weapon omits prose that repeats common numeric characteristics (1.459084ms)
✔ starter pistol shows its critical profile and uses dedicated transparent art (0.293542ms)
✔ armor affix is shown only once in the general description (0.114333ms)
✔ return nerve inspector shows the current rank and chassis damage bonus (2.877625ms)
✔ parasite inspector shows autonomous larva damage and summon interval (6.177209ms)
✔ slime inspector shows equal slowdown for every enemy class at every organ rank (0.632333ms)
✔ slime paid upgrades add two slowdown points, preview exactly and stop at ten (1.786416ms)
✔ parasite paid upgrades add 2.4 damage, preview exactly and stop at ten (2.730417ms)
✔ return nerve paid upgrades preview exact percentages, charge once and stop at ten (5.308875ms)
✔ sky lair renders a technical deck and clouds, without stone islands or overworld event props (1349.514083ms)
✔ larvae retain orientation by entity id when pool order changes, without mutating combat state (13.203292ms)
✔ runtime view bounds larvae at 120 and clears instanced geometry on reset/disposal (8.701959ms)
✔ slime sac pools use the same animated organic impact surface as enemy slime (6.31875ms)
✔ only slow leg ranks add half HP while every leg rank adds 15 percent weight (4.200292ms)
✔ installed legs stack HP, inventory does not; swapping and removing preserve wounds (2.096667ms)
✔ half HP survives damage and healing and is represented in the actual HUD markup (0.6405ms)
✔ speed, health and armor ranks improve their assigned attribute plus universal weight (4.892083ms)
✔ plated ranks I through V grant half a segment per rank without percent bonuses (6.927042ms)
✔ natural and plated half segments each absorb one hit (0.61125ms)
✔ a half segment is visible in HUD and removing a leg does not refill spent armor (1.327417ms)
✔ paid plated upgrades add half a segment, retain speed and stop at ten (2.652791ms)
✔ roots heal after fifteen seconds, retain HP bonus and offer regeneration upgrades (3.947708ms)
✔ ten root upgrades each remove one second, keep speed and HP, and do not heal immediately (4.143583ms)
✔ old root upgrades accelerate regenerator organs; installed roots stack down to half a second (1.25775ms)
✔ a root upgrade adjusts a pending heal and a new hit restarts the timer (0.83ms)
✔ volatile variants are limited to every seventh automatic mass spawn after twelve seconds (2.839375ms)
✔ boomer gives a full warning, damages the hero once, and never harms other enemies (0.883209ms)
✔ walking out avoids blast; freeze pauses fuse and killing disarms it (0.289875ms)
✔ crowds separate deterministically without moving the player, armed enemies or objects (1.498417ms)
✔ three damaging shards retain source, exclude the corpse and cannot split again (0.290875ms)
✔ learned Splinter is connected to real projectile kills without spending extra ammo (7.332041ms)
✔ pending level pauses fuses, and explosion respects ordinary player invulnerability (1.737125ms)
✔ temporary player invulnerability has no bright ground ring (1.838042ms)
✔ canvas map translates rendered labels and preserves Russian when switched back (483.303625ms)
✔ atlas player arrow stays screen-up regardless of body facing (512.361209ms)
✔ atlas fits the real world at mobile and desktop sizes without stretching distances (419.182666ms)
✔ desktop map keeps portrait dialog bounds and never stretches atlas geometry (375.69725ms)
✔ terrain footprint data retains collision geometry and its world position (402.092ms)
✔ map filters retain locked and available public events and never mark secrets (410.188083ms)
✔ selected enemy reflects live aggro state and distance without modifying the run (379.48575ms)
✔ map exposes lying health and armor pickups as a dedicated recovery filter (383.340875ms)
✔ map exposes every lying equipment part from the start as selectable loot (510.256ms)
✔ both melee hands animate from their own real attack source (7.534166ms)
✔ second-slot melee works alongside a reloading gun and its timing is independent (0.095167ms)
✔ simultaneous hands do not restart each other; pause, removal and restart are clean (0.71775ms)
✔ melee extension retains combat range and claws keep their reduced visual scale (2.627875ms)
✔ claw world aim survives both mounts, pitch, roll and lunge without sideways drift (2.849917ms)
✔ claws use three tapering cuts without a sprite; phase reveals and then clears all particles (0.500542ms)
✔ drill emits bounded contact sparks, soft smoke and debris, never a helix or cone (5.418375ms)
✔ rapid drill damage ticks do not restart the contact animation before its sparks (0.195084ms)
✔ telescopic drill tip reaches the target surface at different body scales and retracts without scaling the head (3.00625ms)
✔ legacy saves migrate and malformed profile currency cannot grant tokens (0.781666ms)
✔ old three-slot preparation rejects hidden leg and second-arm tampering (2.0355ms)
✔ fresh survival preparation defaults to the pistol, offers claws and gates shotgun (0.286667ms)
✔ overrun needs final victory and 30 seconds alive, stakes three victory rerolls and pays six exactly once (1.037375ms)
✔ failed overrun loses only this victory reward; partial spawn keeps the three rerolls (0.288458ms)
✔ actual final-boss victory banks three once; defeat and mission bosses do not pay (1.100416ms)
✔ final boss item rerolls cannot spend the offered stake; previous rerolls remain usable (0.476542ms)
✔ two rerolls persist and are consumed only for an active choice without losing level (0.729291ms)
✔ achievement rewards are awarded once and real biome types drive exploration goal (0.197208ms)
✔ mirror responds to shield hits once per 2s, does not block damage or recursively trigger (0.818709ms)
✔ reactor opens 6s attack window then cooldown; normal chassis gets no bonus (0.318792ms)
✔ spring charges through sustained movement and one contact spends a single shared jump (0.367416ms)
✔ harpoon pulls only ordinary enemies and obeys obstacle movement (0.15725ms)
✔ reroll prioritizes unseen eligible abilities and boss options remain distinct (1.325125ms)
✔ reactor integrates with actual kill resolution and stops charging during cooldown (0.562291ms)
✔ starter organs respect their own gates and equip exactly one selected organ (0.426292ms)
✔ metabolism enters level rewards and either fork unlocks the final (7.288417ms)
✔ recycling bonuses add, scale stomach output, preserve refunds and pay only once (0.596458ms)
✔ fully ranked metabolism stops at one hundred sixty percent biomass and forty percent XP (0.184917ms)
✔ first rank gives 7 biomass for a common rank I part and never replaces a stomach (1.010333ms)
✔ XP nodes stack without a stomach and do not change already earned XP (0.323042ms)
✔ small XP pickups conserve fractional bonuses across levels and match bulk rewards (2.209625ms)
✔ ground XP is increased once on collection, not each frame (9.514458ms)
✔ additional boss framing is limited to the living boss of the current mission (2.296625ms)
✔ normal gameplay has a lower three-quarter angle and modest magnification (0.1965ms)
✔ camera eases in, holds on pause, and eases back after boss death (1.517875ms)
✔ reset clears the boss angle; reduced motion applies a static angle without a transition (0.20075ms)
✔ real final-room spawns own distinct metre scales and speeds; survival stays generic (25.003375ms)
✔ hunter locks a telegraphed direction, dashes with swept collision and opens a punish window (11.301208ms)
✔ leviathan support destruction slows locomotion and exposes its core without farming loot (3.657375ms)
✔ cathedral stays anchored, drops defence with three roots, aims avoidable ground attacks and fires seeds (106.499584ms)
✔ collector copies ranged and melee loadouts; reflection emits dodgeable capped projectiles (3.640917ms)
✔ shepherd releases real targetable bees, caps the swarm, loses flight and switches to ground claws (68.960875ms)
✔ warnings deal damage only at resolution and can be dodged; freeze cancels release (1.767417ms)
✔ boss death removes children, pending attacks and projectiles; no posthumous damage (22.071416ms)
✔ boss combat keeps spawning bounded monster waves until the boss dies (30.648458ms)
✔ all five bosses execute three distinct attacks in bounded loops and keep fighting in phase two (2146.147542ms)
✔ melee and projectile broad phase hit the surface of a giant boss, not only its centre (5.633959ms)
✔ production hit path applies final-room attack scaling to root strikes and attacking bees (43.158334ms)
✔ destroying the last command node cancels an already prepared swarm before phase two (13.282208ms)
✔ last defender unlocks the gate; the fence shoulders remain solid and cannot be dashed through (32.584292ms)
✔ third-room event keeps its gate closed until resolved, then only the next room can activate (38.584084ms)
✔ all mission environments keep a large-body central route, accessible spawns and themed visible scenery (174.525541ms)
✔ five bosses own five deterministic scenery profiles and distinct boss rooms (2.342084ms)
✔ mission ground treatments and ambient plant palettes stay visually distinct (0.099917ms)
✔ each mission cycles three authored room compositions without mixing landmarks (2.239167ms)
✔ every mission environment model exists in the shipped asset library (4.841292ms)
✔ scrap landmarks use real model collision footprints and keep the centre clear (0.916041ms)
✔ authored gate halves follow simulation state, including reload and survival reset (158.956208ms)
✔ every mission event offers decline and opens a traversable gate without a reward (186.791208ms)
✔ active trials keep Continue; survival events keep Later (518.848125ms)
✔ actual gate GLB keeps geometry and frame textures while leaf material is isolated from the source (99.441083ms)
✔ asynchronous loads cannot resurrect retired world objects or attach to a disposed view (83.682208ms)
✔ failed 3D asset loading is reported instead of claiming a rendered gate (1.380167ms)
✔ room reward appears only after the last defender and stays claimed on return (141.257542ms)
✔ every mission floor changes tactic, recipes and enhancement without rerolling a seed (34.06625ms)
✔ mission identities introduce simple enemies first and all four specialists cumulatively (0.40025ms)
✔ all missions spawn promised roles, flying models and elites through all 24 rooms (2244.502375ms)
✔ retry keeps the current mission while survival returns to preparation (400.288834ms)
✔ the permanent assembly control is not hidden with nearby loot (4.347583ms)
✔ each boss owns exactly one distinct atlas reward (2.026166ms)
✔ preparation keeps three choices and opens only the organ slot after three bosses (0.306042ms)
✔ missions unlock strictly after the preceding mission victory (0.111916ms)
✔ actual boss kills unlock one reward immediately, survive reload and do not repeat (1407.901416ms)
✔ losing an unfinished mission grants no boss unlocks (6.159083ms)
✔ closed boss items cannot leak through ordinary, elite, boss or relic loot (9.373125ms)
✔ all five unlocked boss items really occur in survival loot (19.058417ms)
✔ encounter generation, adaptation and claiming respect boss gates (1.096083ms)
✔ legacy victories gain their new reward bundles while existing discoveries remain (0.127791ms)
✔ all collision outlines match the actual GLB vertices and shared rock geometry (59.640875ms)
✔ every outline edge permits clear space and blocks overlap for both body sizes at four rotations (7.589542ms)
✔ actual player movement passes beside each obstacle type with both chassis sizes (16.080417ms)
✔ both chassis traverse all 25 tiles, safe points and stone recesses across two seeds (8564.33975ms)
✔ painted stage keeps new assembly and real combat on the restored terrace (11.471292ms)
✔ movement stays on painted ground at all edges, including large bodies (10.363625ms)
✔ retired painted adapter can still open every mission without inventing old objective nodes (1.983458ms)
✔ enemies can spawn on actual painted ground from center and either end (1.18275ms)
✔ main game activates large world while retaining the legacy presentation adapter (4.799667ms)
✔ loot scattered beyond a painted edge stays reachable without losing its item (0.714875ms)
✔ a fatal instant strike cannot be undone by the thirtieth fang hit in the same frame (9.655083ms)
✔ corrupt profile keys cannot enter the loot pool through inherited object properties (1.104666ms)
✔ failed profile writes retain session unlocks and report failure until a successful retry (0.21875ms)
✔ screen culling keeps the index-zero enemy and friendly projectile (0.538542ms)
✔ all visible equipment fits at every rotation and narrow or wide preview aspect (10.804167ms)
✔ round silhouettes fill the width without the empty corners of their bounding box (1.766125ms)
✔ equipment comparison carries ability HP and wounds while isolating the live run (2.531084ms)
✔ equipment descriptions expose real purchase price after a rank changes (0.81125ms)
✔ melee controller baits a volatile fuse then retreats beyond its real blast (81.757791ms)
✔ one race on survival map, complete obstacle route to far side, identical budget across builds (7990.979334ms)
✔ fast build with an improved carrying body survives and finishes; slow build times out (44457.305666ms)
✔ race keeps survival clock and normal waves paused; its packs spawn once and navigation cannot replace finish (532.033833ms)
✔ arrival requires live creature, reachability and deadline; reward is claimed once at finish (1535.2015ms)
✔ incomplete routes are unavailable, and race defers gear pickup without removing drops (506.980084ms)
✔ only elite deaths roll once; ordinary enemies and objectives drop no recovery (5.527833ms)
✔ elite recovery distribution uses the raised thirty-percent budget (1.554833ms)
✔ armor repairs spent plates once and never grants unequipped armor (2.500459ms)
✔ red health pickup heals through the actual simulation and stays at full HP (8.411083ms)
✔ range, floors, occlusion, healing suppression and death prevent collection (0.480209ms)
✔ consumables expire on combat time and land on the world surface (0.147583ms)
✔ view shows distinct shapes and removes picked up objects and resets (2.723291ms)
✔ regeneration HUD follows the real 15 second health timer (2.902875ms)
✔ regeneration HUD uses upgraded 10 second timing and damage resets it (0.360292ms)
✔ regeneration HUD stays inactive at full or zero health (0.248459ms)
✔ the three-bee presentation formation has distinct lanes without moving gameplay shots (1.2575ms)
✔ rocket projectiles reuse a batched mechanical bee model (51.649792ms)
✔ melee ricochet uses one centered half-size bee (21.199333ms)
✔ wing beat and banking animate normally but remain stable in reduced motion (22.354166ms)
✔ rocket exhaust has a hot attached flame and pooled lingering smoke (8.186833ms)
✔ reduced motion keeps the readable flame but suppresses smoke emission (1.058667ms)
✔ all exhaust effects use fixed-capacity instanced pools (1.518292ms)
✔ rocket blast creates a bounded layered 3D explosion from only its own event (7.395333ms)
✔ reduced motion preserves the readable blast silhouette with fewer moving pieces (1.760584ms)
✔ rocket bees never expire or hit terrain; they patrol and acquire a later target (37.914958ms)
✔ patrolling bees reserve different new targets when enough are available (2.854208ms)
✔ four disposable drones share the entire arm DPS budget of fifteen (33.848541ms)
✔ rocket damage multiplies ordinary weapon bonuses by swarm skill and equipment bonuses (0.94175ms)
✔ one rocket splash applies swarm boss damage once, only to elite and boss targets (8.078709ms)
✔ clearing the first pack in the real game loop brings reinforcements within 0.6s (10.716583ms)
✔ continuous clears receive growing packs throughout 45 seconds, then spawning ends (16.567167ms)
✔ pressure grows with enemies still alive, remains capped and does not bank a spawn backlog (3.702209ms)
✔ reinforcements use the central area, preserve tier health and retry obstructed spawns (0.959458ms)
✔ actual survival arenas keep spawning across seeds and all three tiers (3480.936791ms)
✔ ordinary survival spawns retain the every-30th elite promotion (0.341583ms)
✔ sealed reward requires 45 active seconds through the game loop at 20 FPS (55.876791ms)
✔ sealed reward requires 45 active seconds through the game loop at 30 FPS (59.023666ms)
✔ sealed reward requires 45 active seconds through the game loop at 60 FPS (65.856416ms)
✔ sealed reward requires 45 active seconds through the game loop at 120 FPS (153.406459ms)
✔ a dead player cannot complete the sealed timer or receive its reward (0.219041ms)
✔ survival places nine or ten reachable secrets with variety and deterministic positions (32012.145834ms)
✔ new model registrations point to self-contained GLBs with textured geometry (7.567ms)
✔ secret GLBs retain their materials without highlights, signals or rings in any state (3.120541ms)
✔ passing secrets never reveals them or their map and world markers; opening still exposes the reward action (0.50225ms)
✔ 80th normal kill and eighth received reward guarantees are independent (2.239958ms)
✔ quality probability rows sum to100; relic gate and fifth boss pity (0.314792ms)
✔ boss offers share quality, block simulation and award exactly one; no replay (1.690417ms)
✔ set bonuses count categories, not duplicate limbs; remove category disables bonus (0.244917ms)
✔ legacy parts keep rank and modifier; generated affixes have one stat; weight is real (0.255125ms)
✔ active set and affix effects reach weight, range, reload and healing settings (0.435ms)
✔ direct hit bonuses obey cooldown, range and secondary exclusion (0.239791ms)
✔ ground reward advances quality counter only once when received (0.216667ms)
✔ 10000 normal-drop intervals match truncated-geometric expectation (9.751625ms)
✔ fifth exact duplicate prefers another available type and metadata survives cloning (0.469166ms)
✔ shield damage, knockback and impact effects occur at full extension, once (4.710625ms)
✔ one shield contact damages and marks three clustered targets in its impact area (2.011209ms)
✔ shield windup cannot hit a removed, dead, out-of-range or occluded target (1.929125ms)
✔ shotgun v2 is registered and keeps the original equipment wear textures (24.723292ms)
✔ shared shotgun UI art uses the new transparent model render (10.046833ms)
✔ shotgun uses a short flash, soft smoke and sparse sparks without generic energy particles (1.102875ms)
✔ shotgun effect pools remain bounded, reduced motion clears them and reset disposes live instances (3.482167ms)
✔ shotgun kick snaps back quickly and settles independently from reload (0.132459ms)
✔ same seed produces same world sequence (1.115417ms)
✔ drag dead zone and diagonal speed cap (0.125417ms)
✔ hero cannot leave painted terrace (0.085291ms)
✔ terrace margins keep every clamped sample on traversable ground (3.952125ms)
✔ weapons produce different target sets and ignore dead enemies (0.277291ms)
✔ restart does not share mutable state (0.080084ms)
✔ every catalog part exposes at most one upgrade parameter (1.794375ms)
✔ wrong parameters are rejected without spending resources or modifying parts (0.46725ms)
✔ capacity grows through ten ranks without adding weight or health (1.0805ms)
✔ leg speed and weapon damage improve without increasing armor or attack rate (1.116ms)
✔ element visuals follow successful rolls and preserve elevation (2.9415ms)
✔ revive and movement trigger once; no lightning visual without a target (0.67725ms)
✔ effect pool is bounded, pause preserves age, reset clears all visuals (6.6255ms)
✔ persistent status follows current targets, stops spawning on expiry and stays within budget (5.216166ms)
✔ persistent fire becomes denser with accumulated burn stacks (1.4915ms)
✔ body fire follows a moving elevated target between emissions and clears on death (2.014042ms)
✔ real extra shots and echo report actual direction without extra gameplay RNG (4.304709ms)
✔ volatile uses shared flame and smoke buffers, respects elevation, pause and cleanup (1.150459ms)
✔ volatile pressure pop covers the damage radius within .12 seconds and remains low (2.048792ms)
✔ all new ability VFX use bounded pools, merge bursts, and retain reduced-motion cues (3.375708ms)
✔ Soul omits summon statistics when no helpers are available (1.108792ms)
✔ Soul adds summon statistics to the common table for the full build (1.166291ms)
✔ Soul shows helpers unlocked by Colony on another body (0.293959ms)
✔ rank-I sustained weapon DPS matches the stabilization table (5.170833ms)
✔ Broodmother full build exposes five independent permanent helpers (69.576417ms)
✔ permanent helpers neither take contact damage nor consume enemy attacks (21.006667ms)
✔ damage contract uses half armor and HP-only invulnerability (0.311958ms)
✔ dungeon and horde schedules are level- and time-gated as specified (0.191791ms)
✔ dungeon presentation is a connected corridor graph with a distinct theme and no rooms (4.762959ms)
✔ both survival dungeons spawn all elites immediately, pause time and keep one best-of-two item per elite (1101.338917ms)
✔ new settings default to High/60 and enabled 30 percent audio while preserving old values (0.175834ms)
✔ Russian child transmission plays at the effects level and ducks music (2.141542ms)
✔ muted sessions stay silent while English sessions select English dialogue (0.125916ms)
✔ every story cue ships Russian and English voice files (0.711875ms)
✔ the approved Qwen cast covers every cue with stable character voices (5.36575ms)
✔ mission revelations unlock in order without invalidating earlier facts (0.749625ms)
✔ the final mission adds the child answer only after the boss reaches half health (0.118416ms)
✔ director queues each reached cue once and defers while a choice screen is pending (0.753083ms)
✔ survival waits for play, then reveals the Mother and the counterargument (0.099209ms)
✔ each boss keeps a distinct processed voice profile (0.078416ms)
✔ a disabled director leaves a manually shown review cue untouched (0.072833ms)
✔ discoveries queue the source first, then an optional private thought, once (0.877333ms)
✔ each mission hides two contradictory physical clues in optional rooms (1.190417ms)
✔ mission evidence becomes a highlighted ground object only once (0.157625ms)
✔ found evidence uses a silent compact cue and only some clues prompt reflection (0.090542ms)
✔ new clues, reflections and boss memory traces have English coverage (13.446667ms)
✔ survival has a long complementary archive without repeating mission records (0.548333ms)
✔ each survival run places the next uncollected record and discoveries persist (1534.21ms)
✔ the survival record is discoverable as loot on the biome map (440.05075ms)
✔ journal combines heard dialogue and found evidence in chronology and detail views (15.496916ms)
✔ old saves retain journal data and development starts with five branches (0.587333ms)
✔ completed missions backfill their radio chronology for older saves (0.112542ms)
✔ swarm equipment has dedicated transparent inventory icons and GLBs (29.254458ms)
✔ swarm equipment integrates rank, paid upgrades and strongest duplicate caps (11.169208ms)
✔ old swarm-leg movement upgrades retain their investment as summon rate (0.426959ms)
✔ drone arm attacks autonomously through the shared swarm, with no hero shots (10.775917ms)
✔ arm drones are additional to the five body and skill companions (2.092541ms)
✔ unmodified rank-I arm drone sustains fifteen DPS after reaching its target (8.511708ms)
✔ drone arm acquires targets within ten metres without range bonuses from swarm legs (0.444416ms)
✔ womb produces two larvae every two seconds without attacks or deaths (1.02025ms)
✔ summon rate accelerates womb production and swarm damage affects the larva hit (0.370375ms)
✔ womb ranks, independent timers and old infection removal (5.628042ms)
✔ Hive uses the same timed production and no longer responds to deaths (4.070834ms)
✔ five authored acts expose exact flow, caps, signatures and a hard cap of 88 (1.587542ms)
✔ minute cadence spends exactly 10, 65, 23 and 2 percent without changing its total (1.102792ms)
✔ soft and hard caps discard spawn credit instead of banking debt (2.435666ms)
✔ minute accents own 45 percent and unavailable early roles fall back to mass (1.64625ms)
✔ scheduled and promoted wave elites share cap six, pursuer cap three and skip full-cap promotion (1.368708ms)
✔ the first three survival wave elites have 70 percent less health across promoted and scheduled spawns (0.539417ms)
✔ five offers contain build, defense and synergy progress and remain seeded (11.534625ms)
✔ a build ability missing from four offer rounds is forced on the fifth (0.288875ms)
✔ last level choice grants protection and pushes only ordinary nearby enemies (1.584459ms)
✔ superboss pressure and reward relief use quarter flow, half cap and bounded credit (1.206542ms)
✔ old profiles need no migration for transient director and offer state (1.002125ms)
✔ roaming bosses start at minute seven and never overlap a living invader (8.430792ms)
✔ roaming boss schedule ends after the fifth boss at minute thirty-five (0.862709ms)
✔ event, overrun and mission modes defer the boss; failed placement never consumes an interval (0.522ms)
✔ all boss footprints fit real survival terrain and fixed habitats remain intact (1361.813375ms)
✔ real event entry pauses waves, elite schedule and survival clock; success and failure resume spawning (23.758ms)
✔ survival landmarks use exported collision hulls and do not leak into missions (74.170042ms)
✔ survival terrain reveals broad relief, uses physics heights and keeps cross routes level (63.412334ms)
✔ each survival starts with its introductory boss selected and localized objective (1800.403208ms)
✔ objective ends only when the introductory boss dies and does not replace manual waypoints (592.713459ms)
✔ missions keep their own status and have no automatic survival waypoint (1.530583ms)
✔ obsolete dead-helper state is cleared immediately without a respawn delay (4.025292ms)
✔ flies to the target before striking, retreats, and never fires remotely (0.293042ms)
✔ dead or out-of-leash targets are abandoned and bees return without teleporting (0.35525ms)
✔ occluded enemies are not acquired or hit (1.085041ms)
✔ separate bees prefer different available enemies (0.340791ms)
✔ bee models follow elevated companions, reset, and release their scene (66.0825ms)
✔ two whole lives; simultaneous contacts and protected hits do not charge armor (3.175917ms)
✔ armor plates are spent before health and never recharge from hits (0.54525ms)
✔ shield transfer retains recharge and cannot be refilled by swapping (0.667834ms)
✔ capacity upgrades and body changes preserve wounds including clipped overflow (0.60575ms)
✔ regen heals one segment each 15 seconds; fatal hit is never healed in the same tick (0.320834ms)
✔ fangs heal after their rank-based hit count without a separate cooldown (1.637458ms)
✔ revival is once per run, not once per equipment instance (0.736083ms)
✔ five vitality ranks grant five plates plus natural armor and five-segment regeneration while revival stays one-use (0.392292ms)
✔ 60 unique nodes, finals unlock through either path, siblings stay available (0.463167ms)
✔ five unique offers across seeds and depleted catalogue include valid fallback skills (17.369166ms)
✔ every unique ability stores five ranks and fires five extra bullets while legacy arrays remain compatible (3.90175ms)
✔ projectile penalties add across abilities while each solo and paired rank curve stays monotonic (1.065334ms)
✔ hypertrophy keeps additive speed penalties but improves sustained weapon output at every rank (0.15225ms)
✔ projectile requirements depend on installed weapons, learned powers persist (0.195209ms)
✔ elemental skills support both melee and ranged weapons (2.576791ms)
✔ claw lightning reaches an enemy surface and emits visible electric damage (1.720625ms)
✔ XP queue pauses simulation and card API remains valid across consecutive selections (1.56175ms)
✔ ignite chance grows from fifteen to thirty-five percent and burn stacks expire independently (0.61875ms)
✔ wildfire copies every active burn stack and adds it to existing fire (0.205166ms)
✔ cold caps bosses and secondary damage cannot recurse (0.152209ms)
✔ crystallization reaches two seconds at its third and final rank (0.110083ms)
✔ extra projectiles use current weapon and repeats do not consume ammo or count attacks (0.321834ms)
✔ attacking symbiont and guardian stay distinct and obey pause (0.478917ms)
✔ symbiont bite damage stays fixed while colony rank changes companion count (0.24775ms)
✔ waves use time only and capped spawn credit never accumulates a debt (0.25775ms)
✔ same seeds yield identical choices and waves independent of learned power (0.298083ms)
✔ restart clears learned powers, shield and armor counters without changing permanent profile (0.4065ms)
✔ new rank bonuses cannot be farmed by repeatedly installing a low-health body (0.675667ms)
✔ fallback selection still spends exactly one pending level (0.849291ms)
✔ short melee hands can hit the surface of large bosses without entering their body (0.349667ms)
✔ stale incompatible offer rejects atomically without consuming an earned choice (0.170709ms)
✔ final boss is scheduled at forty minutes even when an earlier boss survives (0.12075ms)
✔ late XP pacing keeps thresholds increasing and preserves overflow across the curve joins (0.537416ms)
✔ five fixed reachable bosses are visible immediately and do not hunt from across map (488.899292ms)
✔ elite engages, disengages, returns and can be fought again without healing (418.346625ms)
✔ simulation actually returns an elite across flat tile boundaries (620.543917ms)
✔ public encounters are visible from level one but entry requires their level (545.490916ms)
✔ elite schedule depends only on time and habitat bosses do not duplicate (318.794292ms)
✔ half of live wave elites leave their map territory to hunt the player (0.622666ms)
✔ every-thirtieth automatic elite joins the same fifty-fifty wave split (0.892083ms)
✔ one user action chooses its result over click and navigation; next action stays independent (3.855292ms)
✔ equipment previews stay silent; successful body/organ and limb/weapon mutations use the selected materials (6.061ms)
✔ failed upgrade reports denial, successful upgrade confirms, and zero-valued success is not failure (0.847834ms)
✔ UI feedback respects opt-in, effects volume, and independent music setting (0.379625ms)
✔ shipped closing is exactly the opening PCM reversed; all chosen UI files contain non-silent mono PCM (15.035625ms)
✔ master sound switch is opt-in, persists, and preserves channel levels (1.655125ms)
✔ equipment preview compares actual weapon values without equipping in the live run (3.522708ms)
✔ corrupt settings recover and unavailable storage still applies session settings (0.838083ms)
✔ comparison distinguishes lower damage from faster attacks (0.805792ms)
✔ external link button uses safe new-tab attributes (0.260916ms)
✔ all achievements, weapons and missions survive reload without touching normal saves (1.781416ms)
✔ unlocked profile preserves ordinary initial resources, equipment, abilities and combat stats (900.623625ms)
✔ every unlocked mission uses its ordinary starting state and simulation (1858.746208ms)
✔ map clicks invert world projection in both zooms and multiple aspect ratios (418.074417ms)
✔ point waypoint survives map presentation, rejects invalid terrain, belongs only to run (969.475167ms)
✔ enemy marker tracks a moving enemy and expires when killed; completed encounter expires (342.821834ms)
✔ recovery waypoint follows a lying pickup and clears after collection (321.128959ms)
✔ ground equipment waypoint follows a lying part and clears after pickup (332.322125ms)
✔ bearing matches actual orthographic camera projection and pixel aspect (0.598208ms)
✔ all weapons obey damage and melee critical chance without extra range (7.706375ms)
✔ combo fourth hit only; target, time, weapon and secondary boundaries (0.89875ms)
✔ frenzy accelerates only melee for four seconds and does not stack (1.311875ms)
✔ reload speed applies to every charged weapon; full salvo remains ranged-only (3.019292ms)
✔ actual attack consumes charged salvo once and direct melee kills trigger frenzy (2.915417ms)
✔ equipment controls specialization offers without permanently locking a branch (3.55175ms)
✔ reworked skills retain IDs and preserve projectile effects (0.606875ms)
✔ remaining critical chance and multiplier affect actual melee and arc damage (0.88775ms)
✔ preparation includes gated candidates but only unlocked weapons are selectable (10.243875ms)
✔ pistol kill threshold carries between runs, unlocks the shotgun once and is recoverable from the achievement (9.562417ms)
✔ machine gun counts 60 player kills and excludes objectives, summoned children and environment deaths (1.489916ms)
✔ actual pistol projectile resolution owns the kill, not the equipped off-hand (14.323542ms)
✔ legacy unlocked weapons survive migration; malformed new counters cannot bypass gates (0.196292ms)
✔ load curve matches requested percentages and scales with capacity (0.5595ms)
✔ survival movement applies the load curve and stops at full capacity (3045.528125ms)
✔ dropping weight or upgrading capacity immediately restores movement (614.026ms)
✔ whip is one tapered deforming cable, not a static swipe or particle fan (17.504583ms)
✔ whip crack reaches the target surface on both mounts, with body scale and arm rotation (4.917292ms)
✔ whip impact fires once, respects reduced motion and disposes all private geometry (0.70175ms)
✔ wildfire converging through 100 deaths preserves unique ignitions and expiry (34.682792ms)
✔ stress fixture keeps a mobile four-weapon loadout and suppresses scheduled superboss (4.052125ms)
✔ mission world is a 25-room northbound corridor with its own environment (5.381042ms)
✔ mission corridor has fixed screen-width sides and cannot scroll into lateral space (4.101666ms)
✔ a floor gate opens only after every enemy in that room is defeated (22.048458ms)
✔ entering the next mission room closes the previous gate and prevents return (22.631166ms)
✔ the first mission room uses its configured defender multiplier, keeps one elite and no room reward while survival keeps continuous waves (948.127042ms)
✔ mission defenders enter in formation from the far north edge and run into the room (111.362334ms)
✔ far-edge mission entry lanes stay walkable in every room and environment (120.971459ms)
✔ every next mission room compounds enemy health and attack by seven percent (13.24225ms)
✔ mission attack scaling travels with ranged projectiles (0.768792ms)
✔ A star and enemy movement go around an obstacle using the same footprint (2.256292ms)
✔ quick equip prefers empty compatible socket and rejects duplicate actions atomically (0.863584ms)
✔ legacy ranged enemy fires immediately and recovery blocks a repeat (0.8885ms)
✔ mission gates are simulation barriers, not destructible objective enemies (4.902916ms)
✔ new survival run keeps only melee and does not auto-grant spawn loot (930.135834ms)
✔ every mission and survival start without a digestion organ (272.367166ms)
✔ each mission starts at the south edge of its first themed room (1.536333ms)
✔ ranged enemy below its stopping distance navigates around blocked firing lane (12.202542ms)
✔ failed path search observes its retry interval instead of searching every frame (0.199042ms)
✔ mission room enemies spawn on real walkable ground across seeds (1410.536042ms)
ℹ tests 935
ℹ suites 0
ℹ pass 935
ℹ fail 0
ℹ cancelled 0
ℹ skipped 0
ℹ todo 0
ℹ duration_ms 61581.564416
