TAP version 13
# Subtest: 20 unique recipes and five bosses fit shared catalog slots and capacity, including elite upgrades
ok 1 - 20 unique recipes and five bosses fit shared catalog slots and capacity, including elite upgrades
  ---
  duration_ms: 2.148041
  type: 'test'
  ...
# Subtest: all 20 recipes keep distinct visible assemblies while bosses stay distinct
ok 2 - all 20 recipes keep distinct visible assemblies while bosses stay distinct
  ---
  duration_ms: 2.74275
  type: 'test'
  ...
# Subtest: each enemy type owns one fixed body silhouette
ok 3 - each enemy type owns one fixed body silhouette
  ---
  duration_ms: 3.023459
  type: 'test'
  ...
# Subtest: enemy part recipes preserve equipment while the renderer supplies chassis connections
ok 4 - enemy part recipes preserve equipment while the renderer supplies chassis connections
  ---
  duration_ms: 1.163083
  type: 'test'
  ...
# Subtest: every thirtieth survival spawn is promoted to an elite
ok 5 - every thirtieth survival spawn is promoted to an elite
  ---
  duration_ms: 0.431084
  type: 'test'
  ...
# Subtest: only time unlocks recipes and tiers, at exact boundaries
ok 6 - only time unlocks recipes and tiers, at exact boundaries
  ---
  duration_ms: 0.4025
  type: 'test'
  ...
# Subtest: assembly uses its own deterministic stream without consuming RNG, item or entity IDs
ok 7 - assembly uses its own deterministic stream without consuming RNG, item or entity IDs
  ---
  duration_ms: 0.558292
  type: 'test'
  ...
# Subtest: opening assemblies require two ordinary starter claw hits but a critical hit can kill
ok 8 - opening assemblies require two ordinary starter claw hits but a critical hit can kill
  ---
  duration_ms: 4.130917
  type: 'test'
  ...
# Subtest: actual early spawns keep whole HP and survive one noncritical hit
ok 9 - actual early spawns keep whole HP and survive one noncritical hit
  ---
  duration_ms: 1.099375
  type: 'test'
  ...
# Subtest: phase budgets are applied once and explicit mission spawning stays legacy
ok 10 - phase budgets are applied once and explicit mission spawning stays legacy
  ---
  duration_ms: 1.783208
  type: 'test'
  ...
# Subtest: ordinary direct melee has no separate attack and body contact deals half damage
ok 11 - ordinary direct melee has no separate attack and body contact deals half damage
  ---
  duration_ms: 4.129458
  type: 'test'
  ...
# Subtest: ordinary melee damage begins only when silhouettes touch
ok 12 - ordinary melee damage begins only when silhouettes touch
  ---
  duration_ms: 0.747959
  type: 'test'
  ...
# Subtest: ordinary enemies keep their direct attacks while survival bosses teach two moves, then unlock a third
ok 13 - ordinary enemies keep their direct attacks while survival bosses teach two moves, then unlock a third
  ---
  duration_ms: 1.083916
  type: 'test'
  ...
# Subtest: freeze cancels warning, pause preserves it, death prevents a strike, return cancels attacks
ok 14 - freeze cancels warning, pause preserves it, death prevents a strike, return cancels attacks
  ---
  duration_ms: 0.116208
  type: 'test'
  ...
# Subtest: sector sides, fixed acid circle and vertical separation match warning geometry
ok 15 - sector sides, fixed acid circle and vertical separation match warning geometry
  ---
  duration_ms: 0.055833
  type: 'test'
  ...
# Subtest: needle uses its speed and swept collision without hitting twice
ok 16 - needle uses its speed and swept collision without hitting twice
  ---
  duration_ms: 0.085334
  type: 'test'
  ...
# Subtest: 100 creatures remain modular even with no GLB loader; pools reset cleanly
ok 17 - 100 creatures remain modular even with no GLB loader; pools reset cleanly
  ---
  duration_ms: 7.260292
  type: 'test'
  ...
# Subtest: cold-loaded enemy weapons use a narrow drive instead of a large spherical placeholder
ok 18 - cold-loaded enemy weapons use a narrow drive instead of a large spherical placeholder
  ---
  duration_ms: 0.525791
  type: 'test'
  ...
# Subtest: loaded detail geometry is shared by instances, not cloned per enemy
ok 19 - loaded detail geometry is shared by instances, not cloned per enemy
  ---
  duration_ms: 14.123959
  type: 'test'
  ...
# Subtest: a warned strike and body contact share invulnerability
ok 20 - a warned strike and body contact share invulnerability
  ---
  duration_ms: 4.3135
  type: 'test'
  ...
# Subtest: loaded wing animation stays faithful with a bounded cache over twenty minutes
ok 21 - loaded wing animation stays faithful with a bounded cache over twenty minutes
  ---
  duration_ms: 191.52475
  type: 'test'
  ...
# Subtest: body contact deals half damage and sustained overlap respects the one-second cooldown
ok 22 - body contact deals half damage and sustained overlap respects the one-second cooldown
  ---
  duration_ms: 5.4545
  type: 'test'
  ...
# Subtest: animated puppet and repeated assembly scale reuse a finite set of fitted shapes
ok 23 - animated puppet and repeated assembly scale reuse a finite set of fitted shapes
  ---
  duration_ms: 51.713709
  type: 'test'
  ...
# Subtest: 3D borders use their biome models and keep entire fitted models outside gameplay
ok 24 - 3D borders use their biome models and keep entire fitted models outside gameplay
  ---
  duration_ms: 33.110791
  type: 'test'
  ...
# Subtest: dense edge forms a raised barrier without changing the playable height
ok 25 - dense edge forms a raised barrier without changing the playable height
  ---
  duration_ms: 0.455708
  type: 'test'
  ...
# Subtest: outer ground covers corners once; no coplanar overlaps or legacy image strips
ok 26 - outer ground covers corners once; no coplanar overlaps or legacy image strips
  ---
  duration_ms: 1.041333
  type: 'test'
  ...
# Subtest: scrapyard keeps the front fence and rocks but omits redundant rear junk walls
ok 27 - scrapyard keeps the front fence and rocks but omits redundant rear junk walls
  ---
  duration_ms: 1.421417
  type: 'test'
  ...
# Subtest: all five mission identities also exist in the mixed survival map
ok 28 - all five mission identities also exist in the mixed survival map
  ---
  duration_ms: 7.903541
  type: 'test'
  ...
# Subtest: new environment module collisions match normalized Blender exports
ok 29 - new environment module collisions match normalized Blender exports
  ---
  duration_ms: 79.632375
  type: 'test'
  ...
# Subtest: five side reliefs are distinct, central mission combat and seams remain flat
ok 30 - five side reliefs are distinct, central mission combat and seams remain flat
  ---
  duration_ms: 0.829292
  type: 'test'
  ...
# Subtest: terrain vertices use the same height source as collision and preserve portals
ok 31 - terrain vertices use the same height source as collision and preserve portals
  ---
  duration_ms: 23.404916
  type: 'test'
  ...
# Subtest: each of five survival families owns all three modules, including a full nursery set
ok 32 - each of five survival families owns all three modules, including a full nursery set
  ---
  duration_ms: 1.666875
  type: 'test'
  ...
# Subtest: material weights agree on both sides of every edge, including corners
ok 33 - material weights agree on both sides of every edge, including corners
  ---
  duration_ms: 1.931875
  type: 'test'
  ...
# Subtest: the active shared ground path preserves baked direct lighting and binds the new atlas
ok 34 - the active shared ground path preserves baked direct lighting and binds the new atlas
  ---
  duration_ms: 0.731334
  type: 'test'
  ...
# Subtest: neighbor lightmaps feather reciprocal forest shadows across tile seams
ok 35 - neighbor lightmaps feather reciprocal forest shadows across tile seams
  ---
  duration_ms: 0.419166
  type: 'test'
  ...
# Subtest: combat scatters life and requires five active quiet seconds; pause cannot advance recovery
ok 36 - combat scatters life and requires five active quiet seconds; pause cannot advance recovery
  ---
  duration_ms: 0.818875
  type: 'test'
  ...
# Subtest: high quality keeps the complete ambient tier under sustained load
ok 37 - high quality keeps the complete ambient tier under sustained load
  ---
  duration_ms: 0.281667
  type: 'test'
  ...
# Subtest: ambient pools obey tiers, player proximity, combat density, reduced motion and reset
ok 38 - ambient pools obey tiers, player proximity, combat density, reduced motion and reset
  ---
  duration_ms: 1.580375
  type: 'test'
  ...
# Subtest: new installs default to 60, saved choices survive and menus throttle
ok 39 - new installs default to 60, saved choices survive and menus throttle
  ---
  duration_ms: 0.119958
  type: 'test'
  ...
# Subtest: baked visibility affects direct sunlight only, preserving ambient fill
ok 40 - baked visibility affects direct sunlight only, preserving ambient fill
  ---
  duration_ms: 1.348625
  type: 'test'
  ...
# Subtest: outer forest breaks the tree row without intruding into playable ground
ok 41 - outer forest breaks the tree row without intruding into playable ground
  ---
  duration_ms: 2.881542
  type: 'test'
  ...
# Subtest: legacy forest shader does not depend on authored tile lighting
ok 42 - legacy forest shader does not depend on authored tile lighting
  ---
  duration_ms: 0.169875
  type: 'test'
  ...
# Subtest: reused material atlas projects continuously while retaining vertex AO
ok 43 - reused material atlas projects continuously while retaining vertex AO
  ---
  duration_ms: 0.520833
  type: 'test'
  ...
# Subtest: every authored forest placement and its static lightmap are seed-independent
ok 44 - every authored forest placement and its static lightmap are seed-independent
  ---
  duration_ms: 13.733
  type: 'test'
  ...
# Subtest: shared frame preparation stops at budget, respects priority and cancels obsolete work
ok 45 - shared frame preparation stops at budget, respects priority and cancels obsolete work
  ---
  duration_ms: 1.204083
  type: 'test'
  ...
# Subtest: asset loads have a global concurrency ceiling of two and recover after rejection
ok 46 - asset loads have a global concurrency ceiling of two and recover after rejection
  ---
  duration_ms: 8.036625
  type: 'test'
  ...
# Subtest: tile queue prioritizes current requests, limits active builds and releases stale completions
ok 47 - tile queue prioritizes current requests, limits active builds and releases stale completions
  ---
  duration_ms: 4.271792
  type: 'test'
  ...
1..47
# tests 47
# suites 0
# pass 47
# fail 0
# cancelled 0
# skipped 0
# todo 0
# duration_ms 692.273208
