✔ shield, two plates, then health; healing does not repair armor but armor plates do over time (7.430625ms)
✔ equipment removal and reinstallation cannot refill consumed plates (0.978125ms)
✔ armor repair cycle is not reset by hits and repair gland restores one without adding capacity (0.485416ms)
✔ armor plate ranks add half a plate while repair gland ranks only shorten repair time (1.376125ms)
✔ HUD keeps health cells after a plate is lost and distinguishes shield recharge (0.620375ms)
✔ armor remains bounded by living cells after a capacity change and critical HP is never repaired by armor (0.181375ms)
✔ two hits remove the two halves of one plate while preserving underlying health (1.126875ms)
✔ shield perimeter tracks elapsed recharge time and remains complete when ready (0.233792ms)
✔ recycling depends on rarity and rank equally for every kind of part (2.533459ms)
✔ two common parts fund exactly one first upgrade; later improvements cost more (0.997375ms)
✔ only half actual investment returns, and organ bonuses never multiply that refund (3.122875ms)
✔ each chassis exposes one signature condition without universal slot bonuses (3.353959ms)
✔ broodmother description shows the current drone count without a rank formula (0.643208ms)
✔ beekeeper ability requires an equipped enabled Pollinator, not an inventory arm (0.279625ms)
✔ wanderer needs both installed legs for its movement multiplier (0.790167ms)
✔ hunter needs three installed arms and boosts only ranged damage (0.45375ms)
✔ bastion requires four installed organs rather than four available or empty slots (0.167583ms)
✔ chimera needs four mixed arms and boosts every arm only while mixed (0.35725ms)
✔ rootwalker gains two max health with four legs and preserves wounds when toggled (0.47525ms)
✔ hecaton needs four installed arms for twenty percent attack speed (0.243625ms)
✔ organ booster scales projectile speed, attack rate, regeneration and biomass but not refunds (0.43325ms)
✔ slime snapshots on attack and larvae snapshot organ power when summoned (1.879375ms)
✔ shield recharge and armor capacity use boosted organs without extra HP (1.680917ms)
✔ reverse heart impulse uses boosted power without recursively creating pulses (0.556208ms)
✔ reflex organ and Mobility ranks share one bounded dodge stat (4.132583ms)
✔ a dodge consumes no health, armor, shield or hit invulnerability (1.307375ms)
✔ repeatable health skill grants one maximum-health segment per rank (0.351959ms)
✔ first boss funds one real upgrade through pickup, equip and two digestions, only once (5.567584ms)
✔ distinct equipped family types activate together, inventory and duplicates do not count (3.476042ms)
✔ switching equipment disables mutation without resetting combat counters (1.4765ms)
✔ new behavior organs have only meaningful upgrades and describe compatible hands (1.67675ms)
✔ all-hand organs do not render compatibility lists (0.214542ms)
✔ parasite no longer infects from hand attacks or repeats (0.564625ms)
✔ death leaves slime but neither old infection nor larva kills reproduce (3.407625ms)
✔ slime pools slow every enemy class equally without damaging, infecting or extending corpse slime (0.379042ms)
✔ slime slowdown scales five points by rank and two points per upgrade, then snapshots on hit (3.97925ms)
✔ expired clutch never spawns, persistent shots retain organ snapshots (0.334916ms)
✔ timed parasite larvae scale by rank and upgrades and snapshot chassis power (13.053542ms)
✔ return damage scales from 10 to 50 percent by organ rank and snapshots chassis power without refunding ammo (649.965625ms)
✔ common nerve holds faster hands while rank and upgrades improve its coordinated volley (1.133792ms)
✔ conductor emits three targets with electric bonus and plasma, preserves cooldown across removal (0.745375ms)
✔ mire buffs once in overlapping enlarged acid and slime pools, deactivates immediately (0.230416ms)
✖ health trades persist slots and missing health across body swaps and reject lethal trades (3.493875ms)
✔ fused hand cannot be replaced or left behind during body swap and stays bound after a boss (1.824375ms)
✔ reverse heart responds only to actual heal while rank and upgrades improve its impulse (0.70025ms)
✔ all encounters are deterministic and placed on walkable ground across seeds (6144.851042ms)
✔ painted adapter also places exactly seven reachable encounters with the shared sealed radius (0.560167ms)
✔ reward choice is atomic, seeded, one time, gives slab biomass and unlocks selected key (0.179959ms)
✔ acid secret opens on projectile impact, incompatible hands never open it (3.131583ms)
✔ challenge gates reject early start, bosses, a second challenge and pending choices (0.517542ms)
✔ challenge freezes run and mission clocks, waves and XP pause freezes every clock (3.245583ms)
✔ infection disables healing inside, accumulates only inside and completes once (0.311667ms)
✔ sealed area contains player until both timer and enemies complete; hunt failure leaves elite alive (3.002708ms)
✔ discovered challenge adapts a reward to incomplete family once without UI rerolls (0.234792ms)
✔ rare pool remains available in fresh profile and excludes rare organs from ordinary pool (0.307125ms)
✔ secondary pools are bounded and retired death infections do not spawn larvae (0.439458ms)
✔ multiple mutations coexist and replacing an organ with a duplicate updates family membership (0.2ms)
✔ health deal price cannot be erased by body comparison and replacing a bound slot is rejected there too (0.298708ms)
✔ health recovery, burn, echo and shields continue on combat time while mission progress is paused (0.874334ms)
✔ electrical ability and conductor lightning can wake a secret without an arc hand (0.418458ms)
✔ all secret tools open their matching objects and each reward is claimed once (1.614709ms)
✔ preview matches paid upgrade without mutating the live run (16.20675ms)
✔ inspector disables unaffordable and exhausted upgrades; inventory cannot upgrade (5.9815ms)
✔ capacity preview does not heal or change wounds on the live run (1.510292ms)
✔ body inspectors show the trait rule without live bonus status text (2.346459ms)
✔ broodmother shows its current drone count once without a redundant active state (0.762291ms)
✔ rare common nerve has no contradictory common label and exposes its real volley upgrade (3.393958ms)
✔ common nerve paid upgrades add ten volley damage points and stop at ten (10.019042ms)
✔ reverse heart paid upgrades add twenty pulse damage points and stop at ten (6.196792ms)
✔ shield ranks improve its starting recharge and paid upgrades remove one second (7.891333ms)
✔ every organ rank changes its displayed core effect (18.333583ms)
✔ all-hand organs do not repeat the installed weapon list (1.467708ms)
✔ catalog inspectors describe every base part without actions or run mutations (16.412375ms)
✔ each item category leads with its useful property, before weight (11.162416ms)
✖ player health and armor item values use only whole or half units (56.294417ms)
✔ ranked leg speed is reflected in the stat without a duplicate explanation (0.195459ms)
✔ leg inspectors show current stats without rank formulas (8.5515ms)
✔ spring inspector shows only the current rank cooldown (0.559875ms)
✔ fangs inspector shows current-rank healing and charges without slash notation (2.229292ms)
✔ all item descriptions and inspector ranks avoid slash-separated values (77.109833ms)
✔ repair kit effect stays concise (0.313375ms)
✔ base item properties stay in stats while chassis rules join the ordinary description (8.190292ms)
✔ every weapon omits prose that repeats common numeric characteristics (2.358375ms)
✔ starter pistol shows its critical profile and uses dedicated transparent art (0.776084ms)
✔ armor affix is shown only once in the general description (0.277084ms)
✔ return nerve inspector shows the current rank and chassis damage bonus (8.588292ms)
✔ parasite inspector shows autonomous larva damage and summon interval (6.580042ms)
✔ slime inspector shows equal slowdown for every enemy class at every organ rank (0.915375ms)
✔ slime paid upgrades add two slowdown points, preview exactly and stop at ten (5.70475ms)
✔ parasite paid upgrades add 2.4 damage, preview exactly and stop at ten (4.347958ms)
✔ return nerve paid upgrades preview exact percentages, charge once and stop at ten (8.77875ms)
✔ legacy saves migrate and malformed profile currency cannot grant tokens (3.566625ms)
✔ old three-slot preparation rejects hidden leg and second-arm tampering (4.976708ms)
✔ fresh survival preparation defaults to the pistol, offers claws and gates shotgun (2.112958ms)
✔ overrun needs final victory and 30 seconds alive, stakes three victory rerolls and pays six exactly once (2.904167ms)
✔ failed overrun loses only this victory reward; partial spawn keeps the three rerolls (0.955458ms)
✔ actual final-boss victory banks three once; defeat and mission bosses do not pay (5.259833ms)
✔ final boss item rerolls cannot spend the offered stake; previous rerolls remain usable (1.294417ms)
✔ two rerolls persist and are consumed only for an active choice without losing level (1.98625ms)
✔ achievement rewards are awarded once and real biome types drive exploration goal (0.548959ms)
✔ mirror intercepts projectiles before shields and no longer retaliates after contact (3.791042ms)
✔ reactor opens 6s attack window then cooldown; normal chassis gets no bonus (1.54975ms)
✔ spring charges through sustained movement and one contact leaps in the movement direction (2.352458ms)
✔ spring refuses blocked and hazardous landings instead of teleporting (0.351375ms)
✔ spring never substitutes a sideways landing when forward is blocked (0.202417ms)
✔ spring uses current motion instead of a stale charged direction (0.203084ms)
✔ spring cooldown scales from ten to five seconds across five ranks (1.08175ms)
✔ held movement cannot pull the camera target beyond the landing during the spring arc (14.675666ms)
✔ harpoon pulls only ordinary enemies and obeys obstacle movement (0.905917ms)
✔ reroll prioritizes unseen eligible abilities and boss options remain distinct (3.056125ms)
✔ reactor integrates with actual kill resolution and stops charging during cooldown (1.573ms)
✔ starter organs respect their own gates and equip exactly one selected organ (1.12175ms)
✔ mirrorGland tier 1: prices, previews, limit, save and inventory (49.788375ms)
✔ mirrorGland tier 5: prices, previews, limit, save and inventory (34.037334ms)
✔ reflexNerve tier 1: prices, previews, limit, save and inventory (29.106917ms)
✔ reflexNerve tier 5: prices, previews, limit, save and inventory (23.711833ms)
✔ regen tier 1: prices, previews, limit, save and inventory (24.769792ms)
✔ regen tier 5: prices, previews, limit, save and inventory (21.885458ms)
✔ repairGland tier 1: prices, previews, limit, save and inventory (20.06975ms)
✔ repairGland tier 5: prices, previews, limit, save and inventory (22.481584ms)
✔ armor tier 1: prices, previews, limit, save and inventory (2.099709ms)
✔ armor tier 5: prices, previews, limit, save and inventory (3.949166ms)
✔ base and maximum effects, fixed plate increments after body boost (0.719709ms)
✔ 70% dodge and capped stats reject ineffective purchases without spending (1.272667ms)
✔ repair and regeneration retain timer fractions; purchases never heal or fill new armor (1.547458ms)
✔ regeneration applies weighted upgrade multiplier after roots without amplifying their subtraction (0.235541ms)
✔ independent mirror charges, rank damage, target fallback, saved cooldown and removal (3.298375ms)
✔ protection order and ineligible attacks do not consume mirror charge (1.048708ms)
✔ no weapons or target still cancel the hit; nearest fallback receives returned projectile (0.421708ms)
✔ wall and helper interception happen before mirror; misses do not consume a charge (0.431792ms)
✔ old retaliation is removed and new descriptions translate (42.434625ms)
✔ returned shot travels in the real step, hits first enemy once and bypasses mirrorling reflection (24.52975ms)
✔ returned shot cannot travel through a wall in the real step (3.634167ms)
✔ regeneration HUD follows the real 15 second health timer (6.184292ms)
✔ regeneration HUD uses upgraded 10 second timing and damage resets it (0.780292ms)
✔ regeneration HUD stays inactive at full or zero health (0.503041ms)
✔ every catalog part exposes at most one upgrade parameter (4.1405ms)
✔ wrong parameters are rejected without spending resources or modifying parts (0.81ms)
✔ capacity grows through ten ranks without adding weight or health (1.6245ms)
✔ leg speed and weapon damage improve without increasing armor or attack rate (0.696334ms)
ℹ tests 140
ℹ suites 0
ℹ pass 138
ℹ fail 2
ℹ cancelled 0
ℹ skipped 0
ℹ todo 0
ℹ duration_ms 7550.400125

✖ failing tests:

test at tests/isaac.test.mjs:66:1
✖ health trades persist slots and missing health across body swaps and reject lethal trades (3.493875ms)
  AssertionError [ERR_ASSERTION]: Expected values to be strictly equal:
  
  1 !== 2
  
      at TestContext.<anonymous> (file:///Users/serg/Documents/ChatGPT/Biomecha/tests/isaac.test.mjs:66:518)
      at Test.runInAsyncScope (node:async_hooks:226:14)
      at Test.run (node:internal/test_runner/test:1201:25)
      at Test.processPendingSubtests (node:internal/test_runner/test:831:18)
      at Test.postRun (node:internal/test_runner/test:1330:19)
      at Test.run (node:internal/test_runner/test:1258:12)
      at async Test.processPendingSubtests (node:internal/test_runner/test:831:7) {
    generatedMessage: true,
    code: 'ERR_ASSERTION',
    actual: 1,
    expected: 2,
    operator: 'strictEqual',
    diff: 'simple'
  }

test at tests/item-inspector.test.mjs:127:1
✖ player health and armor item values use only whole or half units (56.294417ms)
  TypeError: Cannot read properties of undefined (reading 'value')
      at TestContext.<anonymous> (file:///Users/serg/Documents/ChatGPT/Biomecha/tests/item-inspector.test.mjs:143:77)
      at Test.runInAsyncScope (node:async_hooks:226:14)
      at Test.run (node:internal/test_runner/test:1201:25)
      at Test.processPendingSubtests (node:internal/test_runner/test:831:18)
      at Test.postRun (node:internal/test_runner/test:1330:19)
      at Test.run (node:internal/test_runner/test:1258:12)
      at async Test.processPendingSubtests (node:internal/test_runner/test:831:7)
