✔ all eleven pickups have English and Russian names, details and compact notices (21.592334ms)
✔ new and existing profiles default to English without losing other settings (0.171584ms)
✔ language survives reload and remains effective when storage is unavailable (0.189083ms)
✔ browser review routes support the mandatory silent mode (0.699667ms)
✔ dynamic stats, units and longest phrases translate without changing values (0.155041ms)
✖ production copy has English coverage, including catalog data and template fragments (142.575334ms)
ℹ tests 6
ℹ suites 0
ℹ pass 5
ℹ fail 1
ℹ cancelled 0
ℹ skipped 0
ℹ todo 0
ℹ duration_ms 316.384709

✖ failing tests:

test at tests/i18n.test.mjs:61:1
✖ production copy has English coverage, including catalog data and template fragments (142.575334ms)
  AssertionError [ERR_ASSERTION]: Expected values to be strictly deep-equal:
  + actual - expected
  
  + [
  +   'ui/isaac-ui.js: Условия события'
  + ]
  - []
  
      at TestContext.<anonymous> (file:///Users/serg/Documents/ChatGPT/Biomecha/tests/i18n.test.mjs:79:10)
      at Test.runInAsyncScope (node:async_hooks:226:14)
      at Test.run (node:internal/test_runner/test:1201:25)
      at Test.processPendingSubtests (node:internal/test_runner/test:831:18)
      at Test.postRun (node:internal/test_runner/test:1330:19)
      at Test.run (node:internal/test_runner/test:1258:12)
      at async Test.processPendingSubtests (node:internal/test_runner/test:831:7) {
    generatedMessage: true,
    code: 'ERR_ASSERTION',
    actual: [ 'ui/isaac-ui.js: Условия события' ],
    expected: [],
    operator: 'deepStrictEqual',
    diff: 'simple'
  }
